Archive member included because of file (symbol)

c:/freescale/kds_2.0.0/toolchain/bin/../lib/gcc/arm-none-eabi/4.8.0\libgcc.a(_udivsi3.o)
                              ./Generated_Code/UTIL1.o (__aeabi_uidiv)
c:/freescale/kds_2.0.0/toolchain/bin/../lib/gcc/arm-none-eabi/4.8.0\libgcc.a(_divsi3.o)
                              ./Generated_Code/UTIL1.o (__aeabi_idiv)
c:/freescale/kds_2.0.0/toolchain/bin/../lib/gcc/arm-none-eabi/4.8.0\libgcc.a(_dvmd_tls.o)
                              c:/freescale/kds_2.0.0/toolchain/bin/../lib/gcc/arm-none-eabi/4.8.0\libgcc.a(_udivsi3.o) (__aeabi_idiv0)
c:/freescale/kds_2.0.0/toolchain/bin/../lib/gcc/arm-none-eabi/4.8.0\libgcc.a(_fixunssfsi.o)
                              ./Sources/Appliction.o (__aeabi_f2uiz)
c:/freescale/kds_2.0.0/toolchain/bin/../lib/gcc/arm-none-eabi/4.8.0\libgcc.a(subsf3.o)
                              c:/freescale/kds_2.0.0/toolchain/bin/../lib/gcc/arm-none-eabi/4.8.0\libgcc.a(_fixunssfsi.o) (__aeabi_fsub)
c:/freescale/kds_2.0.0/toolchain/bin/../lib/gcc/arm-none-eabi/4.8.0\libgcc.a(fixsfsi.o)
                              c:/freescale/kds_2.0.0/toolchain/bin/../lib/gcc/arm-none-eabi/4.8.0\libgcc.a(_fixunssfsi.o) (__aeabi_f2iz)
c:/freescale/kds_2.0.0/toolchain/bin/../lib/gcc/arm-none-eabi/4.8.0\libgcc.a(floatunsisf.o)
                              ./Sources/DTH.o (__aeabi_ui2f)
c:/freescale/kds_2.0.0/toolchain/bin/../lib/gcc/arm-none-eabi/4.8.0\libgcc.a(_arm_cmpsf2.o)
                              c:/freescale/kds_2.0.0/toolchain/bin/../lib/gcc/arm-none-eabi/4.8.0\libgcc.a(_fixunssfsi.o) (__aeabi_fcmpge)
c:/freescale/kds_2.0.0/toolchain/bin/../lib/gcc/arm-none-eabi/4.8.0\libgcc.a(_clzsi2.o)
                              c:/freescale/kds_2.0.0/toolchain/bin/../lib/gcc/arm-none-eabi/4.8.0\libgcc.a(subsf3.o) (__clzsi2)
c:/freescale/kds_2.0.0/toolchain/bin/../lib/gcc/arm-none-eabi/4.8.0\libgcc.a(eqsf2.o)
                              c:/freescale/kds_2.0.0/toolchain/bin/../lib/gcc/arm-none-eabi/4.8.0\libgcc.a(_arm_cmpsf2.o) (__eqsf2)
c:/freescale/kds_2.0.0/toolchain/bin/../lib/gcc/arm-none-eabi/4.8.0\libgcc.a(gesf2.o)
                              c:/freescale/kds_2.0.0/toolchain/bin/../lib/gcc/arm-none-eabi/4.8.0\libgcc.a(_arm_cmpsf2.o) (__gesf2)
c:/freescale/kds_2.0.0/toolchain/bin/../lib/gcc/arm-none-eabi/4.8.0\libgcc.a(lesf2.o)
                              c:/freescale/kds_2.0.0/toolchain/bin/../lib/gcc/arm-none-eabi/4.8.0\libgcc.a(_arm_cmpsf2.o) (__lesf2)
c:/freescale/kds_2.0.0/toolchain/bin/../lib/gcc/arm-none-eabi/4.8.0/../../../../arm-none-eabi/lib\libg_s.a(lib_a-atexit.o)
                              c:/freescale/kds_2.0.0/toolchain/bin/../lib/gcc/arm-none-eabi/4.8.0/../../../../arm-none-eabi/lib/crt0.o (atexit)
c:/freescale/kds_2.0.0/toolchain/bin/../lib/gcc/arm-none-eabi/4.8.0/../../../../arm-none-eabi/lib\libg_s.a(lib_a-exit.o)
                              c:/freescale/kds_2.0.0/toolchain/bin/../lib/gcc/arm-none-eabi/4.8.0/../../../../arm-none-eabi/lib/crt0.o (exit)
c:/freescale/kds_2.0.0/toolchain/bin/../lib/gcc/arm-none-eabi/4.8.0/../../../../arm-none-eabi/lib\libg_s.a(lib_a-fini.o)
                              c:/freescale/kds_2.0.0/toolchain/bin/../lib/gcc/arm-none-eabi/4.8.0/../../../../arm-none-eabi/lib\libg_s.a(lib_a-exit.o) (__libc_fini_array)
c:/freescale/kds_2.0.0/toolchain/bin/../lib/gcc/arm-none-eabi/4.8.0/../../../../arm-none-eabi/lib\libg_s.a(lib_a-impure.o)
                              c:/freescale/kds_2.0.0/toolchain/bin/../lib/gcc/arm-none-eabi/4.8.0/../../../../arm-none-eabi/lib\libg_s.a(lib_a-exit.o) (_global_impure_ptr)
c:/freescale/kds_2.0.0/toolchain/bin/../lib/gcc/arm-none-eabi/4.8.0/../../../../arm-none-eabi/lib\libg_s.a(lib_a-memset.o)
                              c:/freescale/kds_2.0.0/toolchain/bin/../lib/gcc/arm-none-eabi/4.8.0/../../../../arm-none-eabi/lib/crt0.o (memset)
c:/freescale/kds_2.0.0/toolchain/bin/../lib/gcc/arm-none-eabi/4.8.0/../../../../arm-none-eabi/lib\libg_s.a(lib_a-strchr.o)
                              ./Generated_Code/UTIL1.o (strchr)
c:/freescale/kds_2.0.0/toolchain/bin/../lib/gcc/arm-none-eabi/4.8.0/../../../../arm-none-eabi/lib\libg_s.a(lib_a-strcmp.o)
                              ./Sources/ESP8266.o (strcmp)
c:/freescale/kds_2.0.0/toolchain/bin/../lib/gcc/arm-none-eabi/4.8.0/../../../../arm-none-eabi/lib\libg_s.a(lib_a-strlen.o)
                              ./Sources/Appliction.o (strlen)
c:/freescale/kds_2.0.0/toolchain/bin/../lib/gcc/arm-none-eabi/4.8.0/../../../../arm-none-eabi/lib\libg_s.a(lib_a-strncmp.o)
                              ./Sources/Appliction.o (strncmp)
c:/freescale/kds_2.0.0/toolchain/bin/../lib/gcc/arm-none-eabi/4.8.0/../../../../arm-none-eabi/lib\libg_s.a(lib_a-syscalls.o)
                              c:/freescale/kds_2.0.0/toolchain/bin/../lib/gcc/arm-none-eabi/4.8.0/../../../../arm-none-eabi/lib\libg_s.a(lib_a-exit.o) (_exit)
c:/freescale/kds_2.0.0/toolchain/bin/../lib/gcc/arm-none-eabi/4.8.0/../../../../arm-none-eabi/lib\libg_s.a(lib_a-__atexit.o)
[...]
Memory Configuration

Name             Origin             Length             Attributes
m_interrupts     0x00000000         0x000000c0         xr
m_text           0x00000410         0x0001fbf0         xr
m_data           0x1ffff000         0x00004000         rw
m_cfmprotrom     0x00000400         0x00000010         xr
*default*        0x00000000         0xffffffff

Linker script and memory map

LOAD c:/freescale/kds_2.0.0/toolchain/bin/../lib/gcc/arm-none-eabi/4.8.0/crti.o
LOAD c:/freescale/kds_2.0.0/toolchain/bin/../lib/gcc/arm-none-eabi/4.8.0/crtbegin.o
LOAD c:/freescale/kds_2.0.0/toolchain/bin/../lib/gcc/arm-none-eabi/4.8.0/../../../../arm-none-eabi/lib/crt0.o
LOAD ./Sources/Appliction.o
LOAD ./Sources/DTH.o
LOAD ./Sources/ESP8266.o
LOAD ./Sources/Events.o
LOAD ./Sources/GroveStreams.o
LOAD ./Sources/Shell.o
LOAD ./Sources/main.o
LOAD ./Project_Settings/Startup_Code/startup.o
LOAD ./Generated_Code/AS1.o
LOAD ./Generated_Code/AS2.o
LOAD ./Generated_Code/ASerialLdd1.o
LOAD ./Generated_Code/ASerialLdd2.o
LOAD ./Generated_Code/BitIoLdd1.o
LOAD ./Generated_Code/BitIoLdd2.o
LOAD ./Generated_Code/BitIoLdd3.o
LOAD ./Generated_Code/BitIoLdd4.o
LOAD ./Generated_Code/CLS1.o
LOAD ./Generated_Code/CS1.o
LOAD ./Generated_Code/Cpu.o
LOAD ./Generated_Code/DHTpin.o
LOAD ./Generated_Code/LEDB.o
LOAD ./Generated_Code/LEDG.o
LOAD ./Generated_Code/LEDR.o
LOAD ./Generated_Code/LEDpin1.o
LOAD ./Generated_Code/LEDpin2.o
LOAD ./Generated_Code/LEDpin3.o
LOAD ./Generated_Code/PE_LDD.o
LOAD ./Generated_Code/UTIL1.o
LOAD ./Generated_Code/Vectors.o
LOAD ./Generated_Code/WAIT1.o
LOAD c:/freescale/kds_2.0.0/toolchain/bin/../lib/gcc/arm-none-eabi/4.8.0/../../../../arm-none-eabi/lib\libstdc++.a
LOAD c:/freescale/kds_2.0.0/toolchain/bin/../lib/gcc/arm-none-eabi/4.8.0/../../../../arm-none-eabi/lib\libm.a
START GROUP
LOAD c:/freescale/kds_2.0.0/toolchain/bin/../lib/gcc/arm-none-eabi/4.8.0\libgcc.a
LOAD c:/freescale/kds_2.0.0/toolchain/bin/../lib/gcc/arm-none-eabi/4.8.0/../../../../arm-none-eabi/lib\libg_s.a
LOAD c:/freescale/kds_2.0.0/toolchain/bin/../lib/gcc/arm-none-eabi/4.8.0/../../../../arm-none-eabi/lib\libc_s.a
END GROUP
LOAD c:/freescale/kds_2.0.0/toolchain/bin/../lib/gcc/arm-none-eabi/4.8.0/crtend.o
LOAD c:/freescale/kds_2.0.0/toolchain/bin/../lib/gcc/arm-none-eabi/4.8.0/crtn.o
                0x20003000                _estack = 0x20003000
                0x20003000                __SP_INIT = _estack
                0x00000000                __heap_size = 0x0
                0x00000400                __stack_size = 0x400

.interrupts     0x00000000       0xc0
                0x00000000                __vector_table = .
                0x00000000                . = ALIGN (0x4)
 *(.vectortable)
 .vectortable   0x00000000       0xc0 ./Generated_Code/Vectors.o
                0x00000000                __vect_table
                0x000000c0                . = ALIGN (0x4)

.cfmprotect     0x00000400       0x10
                0x00000400                . = ALIGN (0x4)
 *(.cfmconfig)
 .cfmconfig     0x00000400       0x10 ./Generated_Code/Cpu.o
                0x00000400                _cfm
                0x00000410                . = ALIGN (0x4)

.text           0x00000410     0x4700
                0x00000410                . = ALIGN (0x4)
 *(.text)
 .text          0x00000410       0x9c c:/freescale/kds_2.0.0/toolchain/bin/../lib/gcc/arm-none-eabi/4.8.0\libgcc.a(_udivsi3.o)
                0x00000410                __aeabi_uidiv
                0x00000410                __udivsi3
                0x00000498                __aeabi_uidivmod
 .text          0x000004ac       0xc0 c:/freescale/kds_2.0.0/toolchain/bin/../lib/gcc/arm-none-eabi/4.8.0\libgcc.a(_divsi3.o)
                0x000004ac                __divsi3
                0x000004ac                __aeabi_idiv
                0x00000558                __aeabi_idivmod
 .text          0x0000056c        0x4 c:/freescale/kds_2.0.0/toolchain/bin/../lib/gcc/arm-none-eabi/4.8.0\libgcc.a(_dvmd_tls.o)
                0x0000056c                __aeabi_idiv0
                0x0000056c                __aeabi_ldiv0
 .text          0x00000570       0x74 c:/freescale/kds_2.0.0/toolchain/bin/../lib/gcc/arm-none-eabi/4.8.0\libgcc.a(_arm_cmpsf2.o)
                0x00000570                __aeabi_cfrcmple
                0x00000578                __aeabi_cfcmpeq
                0x00000578                __aeabi_cfcmple
                0x00000588                __aeabi_fcmpeq
                0x00000594                __aeabi_fcmplt
                0x000005a8                __aeabi_fcmple
                0x000005bc                __aeabi_fcmpgt
                0x000005d0                __aeabi_fcmpge
 .text          0x000005e4       0x3c c:/freescale/kds_2.0.0/toolchain/bin/../lib/gcc/arm-none-eabi/4.8.0\libgcc.a(_clzsi2.o)
                0x000005e4                __clzsi2
 *(.text*)
 .text.deregister_tm_clones
                0x00000620       0x24 c:/freescale/kds_2.0.0/toolchain/bin/../lib/gcc/arm-none-eabi/4.8.0/crtbegin.o
 .text.register_tm_clones
                0x00000644       0x28 c:/freescale/kds_2.0.0/toolchain/bin/../lib/gcc/arm-none-eabi/4.8.0/crtbegin.o
 .text.__do_global_dtors_aux
                0x0000066c       0x30 c:/freescale/kds_2.0.0/toolchain/bin/../lib/gcc/arm-none-eabi/4.8.0/crtbegin.o
 .text.frame_dummy
                0x0000069c       0x3c c:/freescale/kds_2.0.0/toolchain/bin/../lib/gcc/arm-none-eabi/4.8.0/crtbegin.o
 .text.APP_Run  0x000006d8       0xf0 ./Sources/Appliction.o
                0x000006d8                APP_Run
 .text.DHT_read
                0x000007c8      0x220 ./Sources/DTH.o
                0x000007c8                DHT_read
 .text.DHT_read_temp
                0x000009e8       0x14 ./Sources/DTH.o
                0x000009e8                DHT_read_temp
 .text.DHT_read_humidity
                0x000009fc       0x14 ./Sources/DTH.o
                0x000009fc                DHT_read_humidity
 .text.ESP_IsServerOn
                0x00000a10       0x14 ./Sources/ESP8266.o
                0x00000a10                ESP_IsServerOn
 .text.ESP_ReadCharsUntil
                0x00000a24       0xc4 ./Sources/ESP8266.o
                0x00000a24                ESP_ReadCharsUntil
 .text.RxResponse
                0x00000ae8       0xd8 ./Sources/ESP8266.o
 .text.ESP_SendATCommand
                0x00000bc0       0xc0 ./Sources/ESP8266.o
                0x00000bc0                ESP_SendATCommand
 .text.ESP_OpenConnection
                0x00000c80      0x128 ./Sources/ESP8266.o
                0x00000c80                ESP_OpenConnection
 .text.ESP_CloseConnection
                0x00000da8       0x84 ./Sources/ESP8266.o
                0x00000da8                ESP_CloseConnection
 .text.ESP_SetNumberOfConnections
                0x00000e2c       0xa8 ./Sources/ESP8266.o
                0x00000e2c                ESP_SetNumberOfConnections
 .text.ESP_PrepareMsgSend
                0x00000ed4       0xc8 ./Sources/ESP8266.o
                0x00000ed4                ESP_PrepareMsgSend
 .text.ESP_Init
                0x00000f9c        0xc ./Sources/ESP8266.o
                0x00000f9c                ESP_Init
 .text.Cpu_OnNMIINT
                0x00000fa8        0x8 ./Sources/Events.o
                0x00000fa8                Cpu_OnNMIINT
 .text.AS1_OnError
                0x00000fb0        0x8 ./Sources/Events.o
                0x00000fb0                AS1_OnError
 .text.AS1_OnRxChar
                0x00000fb8        0x8 ./Sources/Events.o
                0x00000fb8                AS1_OnRxChar
 .text.AS1_OnTxChar
                0x00000fc0        0x8 ./Sources/Events.o
                0x00000fc0                AS1_OnTxChar
 .text.AS1_OnFullRxBuf
                0x00000fc8        0x8 ./Sources/Events.o
                0x00000fc8                AS1_OnFullRxBuf
 .text.AS1_OnFreeTxBuf
                0x00000fd0        0x8 ./Sources/Events.o
                0x00000fd0                AS1_OnFreeTxBuf
 .text.AS2_OnError
                0x00000fd8        0x8 ./Sources/Events.o
                0x00000fd8                AS2_OnError
 .text.AS2_OnRxChar
                0x00000fe0        0x8 ./Sources/Events.o
                0x00000fe0                AS2_OnRxChar
 .text.AS2_OnTxChar
                0x00000fe8        0x8 ./Sources/Events.o
                0x00000fe8                AS2_OnTxChar
 .text.AS2_OnFullRxBuf
                0x00000ff0        0x8 ./Sources/Events.o
                0x00000ff0                AS2_OnFullRxBuf
 .text.AS2_OnFreeTxBuf
                0x00000ff8        0x8 ./Sources/Events.o
                0x00000ff8                AS2_OnFreeTxBuf
 .text.GROVESTREAMS_SendValue
                0x00001000      0x3cc ./Sources/GroveStreams.o
                0x00001000                GROVESTREAMS_SendValue
 .text.GROVESTREAMS_Init
                0x000013cc        0x8 ./Sources/GroveStreams.o
                0x000013cc                GROVESTREAMS_Init
 .text.SHELL_Init
                0x000013d4       0x14 ./Sources/Shell.o
                0x000013d4                SHELL_Init
 .text.main     0x000013e8       0x10 ./Sources/main.o
                0x000013e8                main
 .text.__flush_cache
                0x000013f8       0x10 ./Project_Settings/Startup_Code/startup.o
                0x000013f8                __flush_cache
 .text.__copy_rom_section
                0x00001408       0xd8 ./Project_Settings/Startup_Code/startup.o
                0x00001408                __copy_rom_section
 .text.__copy_rom_sections_to_ram
                0x000014e0       0xc0 ./Project_Settings/Startup_Code/startup.o
                0x000014e0                __copy_rom_sections_to_ram
 .text.zero_fill_bss
                0x000015a0       0xac ./Project_Settings/Startup_Code/startup.o
 .text.__init_registers
                0x0000164c        0x8 ./Project_Settings/Startup_Code/startup.o
                0x0000164c                __init_registers
 .text.__init_user
                0x00001654        0x8 ./Project_Settings/Startup_Code/startup.o
                0x00001654                __init_user
 .text.__thumb_startup
                0x0000165c       0x48 ./Project_Settings/Startup_Code/startup.o
                0x0000165c                __thumb_startup
 .text.HWEnDi   0x000016a4       0x20 ./Generated_Code/AS1.o
 .text.AS1_RecvChar
                0x000016c4       0xe8 ./Generated_Code/AS1.o
                0x000016c4                AS1_RecvChar
 .text.AS1_SendChar
                0x000017ac       0xf4 ./Generated_Code/AS1.o
                0x000017ac                AS1_SendChar
 .text.AS1_GetCharsInRxBuf
                0x000018a0       0x14 ./Generated_Code/AS1.o
                0x000018a0                AS1_GetCharsInRxBuf
 .text.AS1_Init
                0x000018b4       0x64 ./Generated_Code/AS1.o
                0x000018b4                AS1_Init
 .text.ASerialLdd1_OnBlockReceived
                0x00001918       0xc0 ./Generated_Code/AS1.o
                0x00001918                ASerialLdd1_OnBlockReceived
 .text.ASerialLdd1_OnBlockSent
                0x000019d8       0xec ./Generated_Code/AS1.o
                0x000019d8                ASerialLdd1_OnBlockSent
 .text.ASerialLdd1_OnError
                0x00001ac4       0x94 ./Generated_Code/AS1.o
                0x00001ac4                ASerialLdd1_OnError
 .text.ASerialLdd1_OnBreak
                0x00001b58       0x20 ./Generated_Code/AS1.o
                0x00001b58                ASerialLdd1_OnBreak
 .text.HWEnDi   0x00001b78       0x20 ./Generated_Code/AS2.o
 .text.AS2_RecvChar
                0x00001b98       0xec ./Generated_Code/AS2.o
                0x00001b98                AS2_RecvChar
 .text.AS2_SendBlock
                0x00001c84      0x184 ./Generated_Code/AS2.o
                0x00001c84                AS2_SendBlock
 .text.AS2_ClearRxBuf
                0x00001e08       0x78 ./Generated_Code/AS2.o
                0x00001e08                AS2_ClearRxBuf
 .text.AS2_GetCharsInRxBuf
                0x00001e80       0x14 ./Generated_Code/AS2.o
                0x00001e80                AS2_GetCharsInRxBuf
 .text.AS2_Init
                0x00001e94       0x64 ./Generated_Code/AS2.o
                0x00001e94                AS2_Init
 .text.ASerialLdd2_OnBlockReceived
                0x00001ef8       0xcc ./Generated_Code/AS2.o
                0x00001ef8                ASerialLdd2_OnBlockReceived
 .text.ASerialLdd2_OnBlockSent
                0x00001fc4       0xec ./Generated_Code/AS2.o
                0x00001fc4                ASerialLdd2_OnBlockSent
 .text.ASerialLdd2_OnError
                0x000020b0       0x94 ./Generated_Code/AS2.o
                0x000020b0                ASerialLdd2_OnError
 .text.ASerialLdd2_OnBreak
                0x00002144       0x20 ./Generated_Code/AS2.o
                0x00002144                ASerialLdd2_OnBreak
 .text.ASerialLdd1_Init
                0x00002164      0x1c4 ./Generated_Code/ASerialLdd1.o
                0x00002164                ASerialLdd1_Init
 .text.ASerialLdd1_ReceiveBlock
                0x00002328       0x98 ./Generated_Code/ASerialLdd1.o
                0x00002328                ASerialLdd1_ReceiveBlock
 .text.ASerialLdd1_SendBlock
                0x000023c0       0xc4 ./Generated_Code/ASerialLdd1.o
                0x000023c0                ASerialLdd1_SendBlock
 .text.InterruptRx
                0x00002484       0x58 ./Generated_Code/ASerialLdd1.o
 .text.InterruptTx
                0x000024dc       0x80 ./Generated_Code/ASerialLdd1.o
 .text.ASerialLdd1_Interrupt
                0x0000255c       0xec ./Generated_Code/ASerialLdd1.o
                0x0000255c                ASerialLdd1_Interrupt
 .text.ASerialLdd1_GetError
                0x00002648       0x74 ./Generated_Code/ASerialLdd1.o
                0x00002648                ASerialLdd1_GetError
 .text.ASerialLdd2_Init
                0x000026bc      0x170 ./Generated_Code/ASerialLdd2.o
                0x000026bc                ASerialLdd2_Init
 .text.ASerialLdd2_ReceiveBlock
                0x0000282c       0x98 ./Generated_Code/ASerialLdd2.o
                0x0000282c                ASerialLdd2_ReceiveBlock
 .text.ASerialLdd2_SendBlock
                0x000028c4       0xc4 ./Generated_Code/ASerialLdd2.o
                0x000028c4                ASerialLdd2_SendBlock
 .text.InterruptRx
                0x00002988       0x58 ./Generated_Code/ASerialLdd2.o
 .text.InterruptTx
                0x000029e0       0x80 ./Generated_Code/ASerialLdd2.o
 .text.ASerialLdd2_Interrupt
                0x00002a60       0xe8 ./Generated_Code/ASerialLdd2.o
                0x00002a60                ASerialLdd2_Interrupt
 .text.ASerialLdd2_GetError
                0x00002b48       0x74 ./Generated_Code/ASerialLdd2.o
                0x00002b48                ASerialLdd2_GetError
 .text.BitIoLdd1_Init
                0x00002bbc       0x68 ./Generated_Code/BitIoLdd1.o
                0x00002bbc                BitIoLdd1_Init
 .text.BitIoLdd1_SetVal
                0x00002c24       0x1c ./Generated_Code/BitIoLdd1.o
                0x00002c24                BitIoLdd1_SetVal
 .text.BitIoLdd2_Init
                0x00002c40       0x68 ./Generated_Code/BitIoLdd2.o
                0x00002c40                BitIoLdd2_Init
 .text.BitIoLdd2_ClrVal
                0x00002ca8       0x1c ./Generated_Code/BitIoLdd2.o
                0x00002ca8                BitIoLdd2_ClrVal
 .text.BitIoLdd2_SetVal
                0x00002cc4       0x1c ./Generated_Code/BitIoLdd2.o
                0x00002cc4                BitIoLdd2_SetVal
 .text.BitIoLdd3_Init
                0x00002ce0       0x60 ./Generated_Code/BitIoLdd3.o
                0x00002ce0                BitIoLdd3_Init
 .text.BitIoLdd3_SetVal
                0x00002d40       0x18 ./Generated_Code/BitIoLdd3.o
                0x00002d40                BitIoLdd3_SetVal
 .text.BitIoLdd4_Init
                0x00002d58       0x68 ./Generated_Code/BitIoLdd4.o
                0x00002d58                BitIoLdd4_Init
 .text.BitIoLdd4_SetInput
                0x00002dc0       0x24 ./Generated_Code/BitIoLdd4.o
                0x00002dc0                BitIoLdd4_SetInput
 .text.BitIoLdd4_SetOutput
                0x00002de4       0x20 ./Generated_Code/BitIoLdd4.o
                0x00002de4                BitIoLdd4_SetOutput
 .text.BitIoLdd4_GetVal
                0x00002e04       0x44 ./Generated_Code/BitIoLdd4.o
                0x00002e04                BitIoLdd4_GetVal
 .text.BitIoLdd4_PutVal
                0x00002e48       0x34 ./Generated_Code/BitIoLdd4.o
                0x00002e48                BitIoLdd4_PutVal
 .text.CLS1_SendStr
                0x00002e7c       0x28 ./Generated_Code/CLS1.o
                0x00002e7c                CLS1_SendStr
 .text.CLS1_PrintPrompt
                0x00002ea4       0x20 ./Generated_Code/CLS1.o
                0x00002ea4                CLS1_PrintPrompt
 .text.CLS1_GetStdio
                0x00002ec4       0x14 ./Generated_Code/CLS1.o
                0x00002ec4                CLS1_GetStdio
 .text.CLS1_ReadChar
                0x00002ed8       0x30 ./Generated_Code/CLS1.o
                0x00002ed8                CLS1_ReadChar
 .text.CLS1_SendChar
                0x00002f08       0x40 ./Generated_Code/CLS1.o
                0x00002f08                CLS1_SendChar
 .text.CLS1_KeyPressed
                0x00002f48       0x24 ./Generated_Code/CLS1.o
                0x00002f48                CLS1_KeyPressed
 .text.CLS1_Init
                0x00002f6c        0x8 ./Generated_Code/CLS1.o
                0x00002f6c                CLS1_Init
 .text.Cpu_INT_NMIInterrupt
                0x00002f74        0xc ./Generated_Code/Cpu.o
                0x00002f74                Cpu_INT_NMIInterrupt
 .text.Cpu_Interrupt
                0x00002f80        0xc ./Generated_Code/Cpu.o
                0x00002f80                Cpu_Interrupt
 .text.__init_hardware
                0x00002f8c      0x174 ./Generated_Code/Cpu.o
                0x00002f8c                __init_hardware
 .text.PE_low_level_init
                0x00003100      0x110 ./Generated_Code/Cpu.o
                0x00003100                PE_low_level_init
 .text.UTIL1_strcpy
                0x00003210       0x44 ./Generated_Code/UTIL1.o
                0x00003210                UTIL1_strcpy
 .text.UTIL1_strcat
                0x00003254       0x60 ./Generated_Code/UTIL1.o
                0x00003254                UTIL1_strcat
 .text.UTIL1_chcat
                0x000032b4       0x50 ./Generated_Code/UTIL1.o
                0x000032b4                UTIL1_chcat
 .text.UTIL1_Num8uToStr
                0x00003304       0x28 ./Generated_Code/UTIL1.o
                0x00003304                UTIL1_Num8uToStr
 .text.UTIL1_Num16uToStr
                0x0000332c      0x130 ./Generated_Code/UTIL1.o
                0x0000332c                UTIL1_Num16uToStr
 .text.UTIL1_strcatNum8u
                0x0000345c       0x38 ./Generated_Code/UTIL1.o
                0x0000345c                UTIL1_strcatNum8u
 .text.UTIL1_strcatNum16u
                0x00003494       0x38 ./Generated_Code/UTIL1.o
                0x00003494                UTIL1_strcatNum16u
 .text.UTIL1_strcatNum32s
                0x000034cc       0x34 ./Generated_Code/UTIL1.o
                0x000034cc                UTIL1_strcatNum32s
 .text.UTIL1_Num32sToStr
                0x00003500      0x188 ./Generated_Code/UTIL1.o
                0x00003500                UTIL1_Num32sToStr
 .text.UTIL1_strtailcmp
                0x00003688       0x64 ./Generated_Code/UTIL1.o
                0x00003688                UTIL1_strtailcmp
 .text.WAIT1_Wait10Cycles
                0x000036ec        0x8 ./Generated_Code/WAIT1.o
                0x000036ec                WAIT1_Wait10Cycles
 .text.WAIT1_Wait100Cycles
                0x000036f4       0x18 ./Generated_Code/WAIT1.o
                0x000036f4                WAIT1_Wait100Cycles
 .text.WAIT1_WaitCycles
                0x0000370c       0x44 ./Generated_Code/WAIT1.o
                0x0000370c                WAIT1_WaitCycles
 .text.WAIT1_WaitLongCycles
                0x00003750       0x3c ./Generated_Code/WAIT1.o
                0x00003750                WAIT1_WaitLongCycles
 .text.WAIT1_Waitms
                0x0000378c       0x38 ./Generated_Code/WAIT1.o
                0x0000378c                WAIT1_Waitms
 .text.__fixunssfsi
                0x000037c4       0x2e c:/freescale/kds_2.0.0/toolchain/bin/../lib/gcc/arm-none-eabi/4.8.0\libgcc.a(_fixunssfsi.o)
                0x000037c4                __fixunssfsi
                0x000037c4                __aeabi_f2uiz
 *fill*         0x000037f2        0x2 
 .text.__aeabi_fsub
                0x000037f4      0x2d4 c:/freescale/kds_2.0.0/toolchain/bin/../lib/gcc/arm-none-eabi/4.8.0\libgcc.a(subsf3.o)
                0x000037f4                __aeabi_fsub
 .text.__aeabi_f2iz
                0x00003ac8       0x40 c:/freescale/kds_2.0.0/toolchain/bin/../lib/gcc/arm-none-eabi/4.8.0\libgcc.a(fixsfsi.o)
                0x00003ac8                __aeabi_f2iz
 .text.__aeabi_ui2f
                0x00003b08       0x84 c:/freescale/kds_2.0.0/toolchain/bin/../lib/gcc/arm-none-eabi/4.8.0\libgcc.a(floatunsisf.o)
                0x00003b08                __aeabi_ui2f
 .text.__eqsf2  0x00003b8c       0x46 c:/freescale/kds_2.0.0/toolchain/bin/../lib/gcc/arm-none-eabi/4.8.0\libgcc.a(eqsf2.o)
                0x00003b8c                __eqsf2
                0x00003b8c                __nesf2
 .text.__gesf2  0x00003bd2       0x94 c:/freescale/kds_2.0.0/toolchain/bin/../lib/gcc/arm-none-eabi/4.8.0\libgcc.a(gesf2.o)
                0x00003bd2                __gesf2
                0x00003bd2                __gtsf2
 .text.__lesf2  0x00003c66       0x88 c:/freescale/kds_2.0.0/toolchain/bin/../lib/gcc/arm-none-eabi/4.8.0\libgcc.a(lesf2.o)
                0x00003c66                __ltsf2
                0x00003c66                __lesf2
 .text.strlen   0x00003cee        0xe c:/freescale/kds_2.0.0/toolchain/bin/../lib/gcc/arm-none-eabi/4.8.0/../../../../arm-none-eabi/lib\libg_s.a(lib_a-strlen.o)
                0x00003cee                strlen
 .text.strncmp  0x00003cfc       0x2c c:/freescale/kds_2.0.0/toolchain/bin/../lib/gcc/arm-none-eabi/4.8.0/../../../../arm-none-eabi/lib\libg_s.a(lib_a-strncmp.o)
                0x00003cfc                strncmp
 *(.rodata)
 .rodata        0x00003d28      0x390 ./Sources/Appliction.o
 .rodata        0x000040b8        0x8 ./Sources/DTH.o
 .rodata        0x000040c0      0x628 ./Sources/ESP8266.o
 .rodata        0x000046e8      0x280 ./Sources/GroveStreams.o
 .rodata        0x00004968      0x168 ./Generated_Code/CLS1.o
 .rodata        0x00004ad0       0x18 ./Generated_Code/UTIL1.o
 *(.rodata*)
 .rodata.CLS1_stdio
                0x00004ae8       0x10 ./Generated_Code/CLS1.o
 *(.glue_7)
 .glue_7        0x00000000        0x0 linker stubs
 *(.glue_7t)
 .glue_7t       0x00000000        0x0 linker stubs
 *(.eh_frame)
 .eh_frame      0x00004af8        0x0 c:/freescale/kds_2.0.0/toolchain/bin/../lib/gcc/arm-none-eabi/4.8.0/crtbegin.o
 *(.init)
 .init          0x00004af8        0x4 c:/freescale/kds_2.0.0/toolchain/bin/../lib/gcc/arm-none-eabi/4.8.0/crti.o
                0x00004af8                _init
 .init          0x00004afc        0x8 c:/freescale/kds_2.0.0/toolchain/bin/../lib/gcc/arm-none-eabi/4.8.0/crtn.o
 *(.fini)
 .fini          0x00004b04        0x4 c:/freescale/kds_2.0.0/toolchain/bin/../lib/gcc/arm-none-eabi/4.8.0/crti.o
                0x00004b04                _fini
 .fini          0x00004b08        0x8 c:/freescale/kds_2.0.0/toolchain/bin/../lib/gcc/arm-none-eabi/4.8.0/crtn.o
                0x00004b10                . = ALIGN (0x4)
                0x00004b10                _etext = .

.vfp11_veneer   0x00004b10        0x0
 .vfp11_veneer  0x00000000        0x0 linker stubs

.v4_bx          0x00004b10        0x0
 .v4_bx         0x00000000        0x0 linker stubs

.iplt           0x00004b10        0x0
 .iplt          0x00000000        0x0 c:/freescale/kds_2.0.0/toolchain/bin/../lib/gcc/arm-none-eabi/4.8.0/crtbegin.o

.rel.dyn        0x00004b10        0x0
 .rel.iplt      0x00000000        0x0 c:/freescale/kds_2.0.0/toolchain/bin/../lib/gcc/arm-none-eabi/4.8.0/crtbegin.o

.ARM.extab
 *(.ARM.extab* .gnu.linkonce.armextab.*)

.ARM            0x00004b10        0x0
                0x00004b10                __exidx_start = .
 *(.ARM.exidx*)
                0x00004b10                __exidx_end = .

.ctors          0x00004b10        0x0
                0x00004b10                __CTOR_LIST__ = .
 *crtbegin.o(.ctors)
 *(EXCLUDE_FILE(*crtend.o) .ctors)
 *(SORT(.ctors.*))
 *(.ctors)
                0x00004b10                __CTOR_END__ = .

.dtors          0x00004b10        0x0
                0x00004b10                __DTOR_LIST__ = .
 *crtbegin.o(.dtors)
 *(EXCLUDE_FILE(*crtend.o) .dtors)
 *(SORT(.dtors.*))
 *(.dtors)
                0x00004b10                __DTOR_END__ = .

.preinit_array  0x00004b10        0x0
                0x00004b10                PROVIDE (__preinit_array_start, .)
 *(.preinit_array*)
                0x00004b10                PROVIDE (__preinit_array_end, .)

.init_array     0x00004b10        0x4
                0x00004b10                PROVIDE (__init_array_start, .)
 *(SORT(.init_array.*))
 *(.init_array*)
 .init_array    0x00004b10        0x4 c:/freescale/kds_2.0.0/toolchain/bin/../lib/gcc/arm-none-eabi/4.8.0/crtbegin.o
                0x00004b14                PROVIDE (__init_array_end, .)

.fini_array     0x00004b14        0x4
                0x00004b14                PROVIDE (__fini_array_start, .)
 *(SORT(.fini_array.*))
 *(.fini_array*)
 .fini_array    0x00004b14        0x4 c:/freescale/kds_2.0.0/toolchain/bin/../lib/gcc/arm-none-eabi/4.8.0/crtbegin.o
                0x00004b18                PROVIDE (__fini_array_end, .)
                0x00004b18                ___ROM_AT = .

.mtb            0x1ffff000        0x0
                0x1ffff000                . = ALIGN (0x8)
                0x1ffff000                _mtb_start = .
 *(.mtb_buf)
                0x1ffff000                . = ALIGN (0x8)
                0x1ffff000                _mtb_end = .

.data           0x1ffff000        0x4 load address 0x00004b18
                0x1ffff000                . = ALIGN (0x4)
                0x1ffff000                _sdata = .
 *(.data)
 *(.data*)
 .data.CLS1_currStdIO
                0x1ffff000        0x4 ./Generated_Code/CLS1.o
                0x1ffff004                . = ALIGN (0x4)
                0x1ffff004                _edata = .
                0x00000004                ___data_size = (_edata - _sdata)

.jcr            0x1ffff004        0x0 load address 0x00004b1c
 .jcr           0x1ffff004        0x0 c:/freescale/kds_2.0.0/toolchain/bin/../lib/gcc/arm-none-eabi/4.8.0/crtbegin.o

.tm_clone_table
                0x1ffff004        0x0 load address 0x00004b1c
 .tm_clone_table
                0x1ffff004        0x0 c:/freescale/kds_2.0.0/toolchain/bin/../lib/gcc/arm-none-eabi/4.8.0/crtbegin.o
 .tm_clone_table
                0x1ffff004        0x0 c:/freescale/kds_2.0.0/toolchain/bin/../lib/gcc/arm-none-eabi/4.8.0/crtend.o

.igot.plt       0x1ffff004        0x0 load address 0x00004b1c
 .igot.plt      0x00000000        0x0 c:/freescale/kds_2.0.0/toolchain/bin/../lib/gcc/arm-none-eabi/4.8.0/crtbegin.o
                0x1ffff004                . = ALIGN (0x4)

.bss            0x1ffff004     0x159c load address 0x00004b1c
                0x1ffff004                __START_BSS = .
                0x1ffff004                PROVIDE (__bss_start__, __START_BSS)
 *(.bss)
 *(.bss*)
 .bss.completed.6137
                0x1ffff004        0x1 c:/freescale/kds_2.0.0/toolchain/bin/../lib/gcc/arm-none-eabi/4.8.0/crtbegin.o
 *fill*         0x1ffff005        0x3 
 .bss.object.6142
                0x1ffff008       0x18 c:/freescale/kds_2.0.0/toolchain/bin/../lib/gcc/arm-none-eabi/4.8.0/crtbegin.o
 .bss.temp      0x1ffff020        0x1 ./Sources/Appliction.o
 .bss.humidity  0x1ffff021        0x1 ./Sources/Appliction.o
 *fill*         0x1ffff022        0x2 
 .bss.temperature
                0x1ffff024        0x4 ./Sources/DTH.o
 .bss.humidity  0x1ffff028        0x4 ./Sources/DTH.o
 .bss.ESP_WebServerIsOn
                0x1ffff02c        0x1 ./Sources/ESP8266.o
 *fill*         0x1ffff02d        0x3 
 .bss.localConsole_buf
                0x1ffff030       0x60 ./Sources/Shell.o
 .bss.argv      0x1ffff090       0x28 ./Project_Settings/Startup_Code/startup.o
 .bss.SerFlag   0x1ffff0b8        0x2 ./Generated_Code/AS1.o
 .bss.AS1_InpLen
                0x1ffff0ba        0x2 ./Generated_Code/AS1.o
 .bss.InpIndexR
                0x1ffff0bc        0x2 ./Generated_Code/AS1.o
 .bss.InpIndexW
                0x1ffff0be        0x2 ./Generated_Code/AS1.o
 .bss.InpBuffer
                0x1ffff0c0       0x40 ./Generated_Code/AS1.o
 .bss.BufferRead
                0x1ffff100        0x1 ./Generated_Code/AS1.o
 *fill*         0x1ffff101        0x1 
 .bss.AS1_OutLen
                0x1ffff102        0x2 ./Generated_Code/AS1.o
 .bss.OutIndexR
                0x1ffff104        0x2 ./Generated_Code/AS1.o
 .bss.OutIndexW
                0x1ffff106        0x2 ./Generated_Code/AS1.o
 .bss.OutBuffer
                0x1ffff108      0x400 ./Generated_Code/AS1.o
 .bss.OnFreeTxBufSemaphore
                0x1ffff508        0x1 ./Generated_Code/AS1.o
 *fill*         0x1ffff509        0x1 
 .bss.SerFlag   0x1ffff50a        0x2 ./Generated_Code/AS2.o
 .bss.AS2_InpLen
                0x1ffff50c        0x2 ./Generated_Code/AS2.o
 .bss.InpIndexR
                0x1ffff50e        0x2 ./Generated_Code/AS2.o
 .bss.InpIndexW
                0x1ffff510        0x2 ./Generated_Code/AS2.o
 *fill*         0x1ffff512        0x2 
 .bss.InpBuffer
                0x1ffff514      0x800 ./Generated_Code/AS2.o
 .bss.BufferRead
                0x1ffffd14        0x1 ./Generated_Code/AS2.o
 *fill*         0x1ffffd15        0x1 
 .bss.AS2_OutLen
                0x1ffffd16        0x2 ./Generated_Code/AS2.o
 .bss.OutIndexR
                0x1ffffd18        0x2 ./Generated_Code/AS2.o
 .bss.OutIndexW
                0x1ffffd1a        0x2 ./Generated_Code/AS2.o
 .bss.OutBuffer
                0x1ffffd1c      0x800 ./Generated_Code/AS2.o
 .bss.OnFreeTxBufSemaphore
                0x2000051c        0x1 ./Generated_Code/AS2.o
 *fill*         0x2000051d        0x3 
 .bss.DeviceDataPrv__DEFAULT_RTOS_ALLOC
                0x20000520       0x20 ./Generated_Code/ASerialLdd1.o
 .bss.INT_UART0__DEFAULT_RTOS_ISRPARAM
                0x20000540        0x4 ./Generated_Code/ASerialLdd1.o
 .bss.DeviceDataPrv__DEFAULT_RTOS_ALLOC
                0x20000544       0x20 ./Generated_Code/ASerialLdd2.o
 .bss.INT_UART1__DEFAULT_RTOS_ISRPARAM
                0x20000564        0x4 ./Generated_Code/ASerialLdd2.o
 .bss.DeviceDataPrv__DEFAULT_RTOS_ALLOC
                0x20000568        0x4 ./Generated_Code/BitIoLdd1.o
 .bss.DeviceDataPrv__DEFAULT_RTOS_ALLOC
                0x2000056c        0x4 ./Generated_Code/BitIoLdd2.o
 .bss.DeviceDataPrv__DEFAULT_RTOS_ALLOC
                0x20000570        0x4 ./Generated_Code/BitIoLdd3.o
 .bss.DeviceDataPrv__DEFAULT_RTOS_ALLOC
                0x20000574        0x4 ./Generated_Code/BitIoLdd4.o
 .bss.SR_lock   0x20000578        0x1 ./Generated_Code/Cpu.o
                0x20000578                SR_lock
 *fill*         0x20000579        0x3 
 .bss.PE_LDD_DeviceDataList
                0x2000057c       0x18 ./Generated_Code/PE_LDD.o
                0x2000057c                PE_LDD_DeviceDataList
 *(COMMON)
 COMMON         0x20000594        0x4 ./Generated_Code/AS1.o
                0x20000594                ASerialLdd1_DeviceDataPtr
 COMMON         0x20000598        0x4 ./Generated_Code/AS2.o
                0x20000598                ASerialLdd2_DeviceDataPtr
 COMMON         0x2000059c        0x1 ./Generated_Code/Cpu.o
                0x2000059c                SR_reg
                0x200005a0                . = ALIGN (0x4)
 *fill*         0x2000059d        0x3 
                0x200005a0                __END_BSS = .
                0x200005a0                PROVIDE (__bss_end__, __END_BSS)
                0x00004b1c                _romp_at = (___ROM_AT + SIZEOF (.data))

.romp           0x200005a0       0x18 load address 0x00004b1c
                0x00004b1c                __S_romp = _romp_at
                0x200005a0        0x4 LONG 0x4b18 ___ROM_AT
                0x200005a4        0x4 LONG 0x1ffff000 _sdata
                0x200005a8        0x4 LONG 0x4 ___data_size
                0x200005ac        0x4 LONG 0x0
                0x200005b0        0x4 LONG 0x0
                0x200005b4        0x4 LONG 0x0

._user_heap_stack
                0x200005b8      0x400 load address 0x00004b34
                0x200005b8                . = ALIGN (0x4)
                0x200005b8                PROVIDE (end, .)
                0x200005b8                PROVIDE (_end, .)
                0x200005b8                __heap_addr = .
                0x200005b8                __HeapBase = .
                0x200005b8                . = (. + __heap_size)
                0x200005b8                __HeapLimit = .
                0x200009b8                . = (. + __stack_size)
 *fill*         0x200005b8      0x400 
                0x200009b8                . = ALIGN (0x4)

.ARM.attributes
                0x00000000       0x2f
 *(.ARM.attributes)
 .ARM.attributes
                0x00000000       0x23 c:/freescale/kds_2.0.0/toolchain/bin/../lib/gcc/arm-none-eabi/4.8.0/crti.o
 .ARM.attributes
                0x00000023       0x31 c:/freescale/kds_2.0.0/toolchain/bin/../lib/gcc/arm-none-eabi/4.8.0/crtbegin.o
 .ARM.attributes
                0x00000054       0x32 ./Sources/Appliction.o
 .ARM.attributes
                0x00000086       0x32 ./Sources/DTH.o
 .ARM.attributes
                0x000000b8       0x32 ./Sources/ESP8266.o
 .ARM.attributes
                0x000000ea       0x32 ./Sources/Events.o
 .ARM.attributes
                0x0000011c       0x32 ./Sources/GroveStreams.o
 .ARM.attributes
                0x0000014e       0x32 ./Sources/Shell.o
 .ARM.attributes
                0x00000180       0x32 ./Sources/main.o
 .ARM.attributes
                0x000001b2       0x32 ./Project_Settings/Startup_Code/startup.o
 .ARM.attributes
                0x000001e4       0x32 ./Generated_Code/AS1.o
 .ARM.attributes
                0x00000216       0x32 ./Generated_Code/AS2.o
 .ARM.attributes
                0x00000248       0x32 ./Generated_Code/ASerialLdd1.o
 .ARM.attributes
                0x0000027a       0x32 ./Generated_Code/ASerialLdd2.o
 .ARM.attributes
                0x000002ac       0x32 ./Generated_Code/BitIoLdd1.o
 .ARM.attributes
                0x000002de       0x32 ./Generated_Code/BitIoLdd2.o
 .ARM.attributes
                0x00000310       0x32 ./Generated_Code/BitIoLdd3.o
 .ARM.attributes
                0x00000342       0x32 ./Generated_Code/BitIoLdd4.o
 .ARM.attributes
                0x00000374       0x32 ./Generated_Code/CLS1.o
 .ARM.attributes
                0x000003a6       0x32 ./Generated_Code/Cpu.o
 .ARM.attributes
                0x000003d8       0x32 ./Generated_Code/PE_LDD.o
 .ARM.attributes
                0x0000040a       0x32 ./Generated_Code/UTIL1.o
 .ARM.attributes
                0x0000043c       0x32 ./Generated_Code/Vectors.o
 .ARM.attributes
                0x0000046e       0x32 ./Generated_Code/WAIT1.o
 .ARM.attributes
                0x000004a0       0x23 c:/freescale/kds_2.0.0/toolchain/bin/../lib/gcc/arm-none-eabi/4.8.0\libgcc.a(_udivsi3.o)
 .ARM.attributes
                0x000004c3       0x23 c:/freescale/kds_2.0.0/toolchain/bin/../lib/gcc/arm-none-eabi/4.8.0\libgcc.a(_divsi3.o)
 .ARM.attributes
                0x000004e6       0x23 c:/freescale/kds_2.0.0/toolchain/bin/../lib/gcc/arm-none-eabi/4.8.0\libgcc.a(_dvmd_tls.o)
 .ARM.attributes
                0x00000509       0x31 c:/freescale/kds_2.0.0/toolchain/bin/../lib/gcc/arm-none-eabi/4.8.0\libgcc.a(_fixunssfsi.o)
 .ARM.attributes
                0x0000053a       0x31 c:/freescale/kds_2.0.0/toolchain/bin/../lib/gcc/arm-none-eabi/4.8.0\libgcc.a(subsf3.o)
 .ARM.attributes
                0x0000056b       0x31 c:/freescale/kds_2.0.0/toolchain/bin/../lib/gcc/arm-none-eabi/4.8.0\libgcc.a(fixsfsi.o)
 .ARM.attributes
                0x0000059c       0x31 c:/freescale/kds_2.0.0/toolchain/bin/../lib/gcc/arm-none-eabi/4.8.0\libgcc.a(floatunsisf.o)
 .ARM.attributes
                0x000005cd       0x23 c:/freescale/kds_2.0.0/toolchain/bin/../lib/gcc/arm-none-eabi/4.8.0\libgcc.a(_arm_cmpsf2.o)
 .ARM.attributes
                0x000005f0       0x23 c:/freescale/kds_2.0.0/toolchain/bin/../lib/gcc/arm-none-eabi/4.8.0\libgcc.a(_clzsi2.o)
 .ARM.attributes
                0x00000613       0x31 c:/freescale/kds_2.0.0/toolchain/bin/../lib/gcc/arm-none-eabi/4.8.0\libgcc.a(eqsf2.o)
 .ARM.attributes
                0x00000644       0x31 c:/freescale/kds_2.0.0/toolchain/bin/../lib/gcc/arm-none-eabi/4.8.0\libgcc.a(gesf2.o)
 .ARM.attributes
                0x00000675       0x31 c:/freescale/kds_2.0.0/toolchain/bin/../lib/gcc/arm-none-eabi/4.8.0\libgcc.a(lesf2.o)
 .ARM.attributes
                0x000006a6       0x31 c:/freescale/kds_2.0.0/toolchain/bin/../lib/gcc/arm-none-eabi/4.8.0/../../../../arm-none-eabi/lib\libg_s.a(lib_a-strlen.o)
 .ARM.attributes
                0x000006d7       0x31 c:/freescale/kds_2.0.0/toolchain/bin/../lib/gcc/arm-none-eabi/4.8.0/../../../../arm-none-eabi/lib\libg_s.a(lib_a-strncmp.o)
 .ARM.attributes
                0x00000708       0x31 c:/freescale/kds_2.0.0/toolchain/bin/../lib/gcc/arm-none-eabi/4.8.0/crtend.o
 .ARM.attributes
                0x00000739       0x23 c:/freescale/kds_2.0.0/toolchain/bin/../lib/gcc/arm-none-eabi/4.8.0/crtn.o
OUTPUT(FDRM_KL25Z_ESP8266_GroveStreams.elf elf32-littlearm)

.comment        0x00000000       0x2a
 .comment       0x00000000       0x2a c:/freescale/kds_2.0.0/toolchain/bin/../lib/gcc/arm-none-eabi/4.8.0/crtbegin.o
                                 0x2b (size before relaxing)
 .comment       0x00000000       0x2b ./Sources/Appliction.o
 .comment       0x00000000       0x2b ./Sources/DTH.o
 .comment       0x00000000       0x2b ./Sources/ESP8266.o
 .comment       0x00000000       0x2b ./Sources/Events.o
 .comment       0x00000000       0x2b ./Sources/GroveStreams.o
 .comment       0x00000000       0x2b ./Sources/Shell.o
 .comment       0x00000000       0x2b ./Sources/main.o
 .comment       0x00000000       0x2b ./Project_Settings/Startup_Code/startup.o
 .comment       0x00000000       0x2b ./Generated_Code/AS1.o
 .comment       0x00000000       0x2b ./Generated_Code/AS2.o
 .comment       0x00000000       0x2b ./Generated_Code/ASerialLdd1.o
 .comment       0x00000000       0x2b ./Generated_Code/ASerialLdd2.o
 .comment       0x00000000       0x2b ./Generated_Code/BitIoLdd1.o
 .comment       0x00000000       0x2b ./Generated_Code/BitIoLdd2.o
 .comment       0x00000000       0x2b ./Generated_Code/BitIoLdd3.o
 .comment       0x00000000       0x2b ./Generated_Code/BitIoLdd4.o
 .comment       0x00000000       0x2b ./Generated_Code/CLS1.o
 .comment       0x00000000       0x2b ./Generated_Code/Cpu.o
 .comment       0x00000000       0x2b ./Generated_Code/PE_LDD.o
 .comment       0x00000000       0x2b ./Generated_Code/UTIL1.o
 .comment       0x00000000       0x2b ./Generated_Code/Vectors.o
 .comment       0x00000000       0x2b ./Generated_Code/WAIT1.o
 .comment       0x00000000       0x2b c:/freescale/kds_2.0.0/toolchain/bin/../lib/gcc/arm-none-eabi/4.8.0\libgcc.a(_fixunssfsi.o)
 .comment       0x00000000       0x2b c:/freescale/kds_2.0.0/toolchain/bin/../lib/gcc/arm-none-eabi/4.8.0\libgcc.a(subsf3.o)
 .comment       0x00000000       0x2b c:/freescale/kds_2.0.0/toolchain/bin/../lib/gcc/arm-none-eabi/4.8.0\libgcc.a(fixsfsi.o)
 .comment       0x00000000       0x2b c:/freescale/kds_2.0.0/toolchain/bin/../lib/gcc/arm-none-eabi/4.8.0\libgcc.a(floatunsisf.o)
 .comment       0x00000000       0x2b c:/freescale/kds_2.0.0/toolchain/bin/../lib/gcc/arm-none-eabi/4.8.0\libgcc.a(eqsf2.o)
 .comment       0x00000000       0x2b c:/freescale/kds_2.0.0/toolchain/bin/../lib/gcc/arm-none-eabi/4.8.0\libgcc.a(gesf2.o)
 .comment       0x00000000       0x2b c:/freescale/kds_2.0.0/toolchain/bin/../lib/gcc/arm-none-eabi/4.8.0\libgcc.a(lesf2.o)
 .comment       0x00000000       0x2b c:/freescale/kds_2.0.0/toolchain/bin/../lib/gcc/arm-none-eabi/4.8.0/../../../../arm-none-eabi/lib\libg_s.a(lib_a-strlen.o)
 .comment       0x00000000       0x2b c:/freescale/kds_2.0.0/toolchain/bin/../lib/gcc/arm-none-eabi/4.8.0/../../../../arm-none-eabi/lib\libg_s.a(lib_a-strncmp.o)
 .comment       0x00000000       0x2b c:/freescale/kds_2.0.0/toolchain/bin/../lib/gcc/arm-none-eabi/4.8.0/crtend.o

.debug_info     0x00000000     0x708a
 .debug_info    0x00000000      0x325 ./Sources/Appliction.o
 .debug_info    0x00000325      0x24f ./Sources/DTH.o
 .debug_info    0x00000574      0xe5a ./Sources/ESP8266.o
 .debug_info    0x000013ce      0x140 ./Sources/Events.o
 .debug_info    0x0000150e      0x2e2 ./Sources/GroveStreams.o
 .debug_info    0x000017f0      0x1e2 ./Sources/Shell.o
 .debug_info    0x000019d2       0xa8 ./Sources/main.o
 .debug_info    0x00001a7a      0x308 ./Project_Settings/Startup_Code/startup.o
 .debug_info    0x00001d82      0x503 ./Generated_Code/AS1.o
 .debug_info    0x00002285      0x4f3 ./Generated_Code/AS2.o
 .debug_info    0x00002778      0x7ff ./Generated_Code/ASerialLdd1.o
 .debug_info    0x00002f77      0x7d9 ./Generated_Code/ASerialLdd2.o
 .debug_info    0x00003750      0x35c ./Generated_Code/BitIoLdd1.o
 .debug_info    0x00003aac      0x35c ./Generated_Code/BitIoLdd2.o
 .debug_info    0x00003e08      0x35c ./Generated_Code/BitIoLdd3.o
 .debug_info    0x00004164      0x3eb ./Generated_Code/BitIoLdd4.o
 .debug_info    0x0000454f      0x8ee ./Generated_Code/CLS1.o
 .debug_info    0x00004e3d      0x849 ./Generated_Code/Cpu.o
 .debug_info    0x00005686      0x23b ./Generated_Code/PE_LDD.o
 .debug_info    0x000058c1     0x1594 ./Generated_Code/UTIL1.o
 .debug_info    0x00006e55      0x103 ./Generated_Code/Vectors.o
 .debug_info    0x00006f58      0x132 ./Generated_Code/WAIT1.o

.debug_abbrev   0x00000000     0x1b66
 .debug_abbrev  0x00000000      0x164 ./Sources/Appliction.o
 .debug_abbrev  0x00000164      0x106 ./Sources/DTH.o
 .debug_abbrev  0x0000026a      0x1fc ./Sources/ESP8266.o
 .debug_abbrev  0x00000466       0x45 ./Sources/Events.o
 .debug_abbrev  0x000004ab      0x11b ./Sources/GroveStreams.o
 .debug_abbrev  0x000005c6       0xdb ./Sources/Shell.o
 .debug_abbrev  0x000006a1       0x5d ./Sources/main.o
 .debug_abbrev  0x000006fe      0x148 ./Project_Settings/Startup_Code/startup.o
 .debug_abbrev  0x00000846      0x1df ./Generated_Code/AS1.o
 .debug_abbrev  0x00000a25      0x1d6 ./Generated_Code/AS2.o
 .debug_abbrev  0x00000bfb      0x1b8 ./Generated_Code/ASerialLdd1.o
 .debug_abbrev  0x00000db3      0x1b8 ./Generated_Code/ASerialLdd2.o
 .debug_abbrev  0x00000f6b      0x127 ./Generated_Code/BitIoLdd1.o
 .debug_abbrev  0x00001092      0x127 ./Generated_Code/BitIoLdd2.o
 .debug_abbrev  0x000011b9      0x127 ./Generated_Code/BitIoLdd3.o
 .debug_abbrev  0x000012e0      0x16e ./Generated_Code/BitIoLdd4.o
 .debug_abbrev  0x0000144e      0x1c2 ./Generated_Code/CLS1.o
 .debug_abbrev  0x00001610      0x170 ./Generated_Code/Cpu.o
 .debug_abbrev  0x00001780      0x10d ./Generated_Code/PE_LDD.o
 .debug_abbrev  0x0000188d      0x184 ./Generated_Code/UTIL1.o
 .debug_abbrev  0x00001a11       0xa4 ./Generated_Code/Vectors.o
 .debug_abbrev  0x00001ab5       0xb1 ./Generated_Code/WAIT1.o

.debug_aranges  0x00000000      0x908
 .debug_aranges
                0x00000000       0x30 ./Sources/Appliction.o
 .debug_aranges
                0x00000030       0x30 ./Sources/DTH.o
 .debug_aranges
                0x00000060      0x108 ./Sources/ESP8266.o
 .debug_aranges
                0x00000168       0x70 ./Sources/Events.o
 .debug_aranges
                0x000001d8       0x48 ./Sources/GroveStreams.o
 .debug_aranges
                0x00000220       0x28 ./Sources/Shell.o
 .debug_aranges
                0x00000248       0x20 ./Sources/main.o
 .debug_aranges
                0x00000268       0x60 ./Project_Settings/Startup_Code/startup.o
 .debug_aranges
                0x000002c8       0x88 ./Generated_Code/AS1.o
 .debug_aranges
                0x00000350       0x88 ./Generated_Code/AS2.o
 .debug_aranges
                0x000003d8       0x50 ./Generated_Code/ASerialLdd1.o
 .debug_aranges
                0x00000428       0x50 ./Generated_Code/ASerialLdd2.o
 .debug_aranges
                0x00000478       0x40 ./Generated_Code/BitIoLdd1.o
 .debug_aranges
                0x000004b8       0x40 ./Generated_Code/BitIoLdd2.o
 .debug_aranges
                0x000004f8       0x40 ./Generated_Code/BitIoLdd3.o
 .debug_aranges
                0x00000538       0x58 ./Generated_Code/BitIoLdd4.o
 .debug_aranges
                0x00000590      0x100 ./Generated_Code/CLS1.o
 .debug_aranges
                0x00000690       0x38 ./Generated_Code/Cpu.o
 .debug_aranges
                0x000006c8       0x30 ./Generated_Code/PE_LDD.o
 .debug_aranges
                0x000006f8      0x1b8 ./Generated_Code/UTIL1.o
 .debug_aranges
                0x000008b0       0x18 ./Generated_Code/Vectors.o
 .debug_aranges
                0x000008c8       0x40 ./Generated_Code/WAIT1.o

.debug_ranges   0x00000000      0x7a0
 .debug_ranges  0x00000000       0x20 ./Sources/Appliction.o
 .debug_ranges  0x00000020       0x20 ./Sources/DTH.o
 .debug_ranges  0x00000040       0xf8 ./Sources/ESP8266.o
 .debug_ranges  0x00000138       0x60 ./Sources/Events.o
 .debug_ranges  0x00000198       0x38 ./Sources/GroveStreams.o
 .debug_ranges  0x000001d0       0x18 ./Sources/Shell.o
 .debug_ranges  0x000001e8       0x10 ./Sources/main.o
 .debug_ranges  0x000001f8       0x50 ./Project_Settings/Startup_Code/startup.o
 .debug_ranges  0x00000248       0x78 ./Generated_Code/AS1.o
 .debug_ranges  0x000002c0       0x78 ./Generated_Code/AS2.o
 .debug_ranges  0x00000338       0x40 ./Generated_Code/ASerialLdd1.o
 .debug_ranges  0x00000378       0x40 ./Generated_Code/ASerialLdd2.o
 .debug_ranges  0x000003b8       0x30 ./Generated_Code/BitIoLdd1.o
 .debug_ranges  0x000003e8       0x30 ./Generated_Code/BitIoLdd2.o
 .debug_ranges  0x00000418       0x30 ./Generated_Code/BitIoLdd3.o
 .debug_ranges  0x00000448       0x48 ./Generated_Code/BitIoLdd4.o
 .debug_ranges  0x00000490       0xf0 ./Generated_Code/CLS1.o
 .debug_ranges  0x00000580       0x28 ./Generated_Code/Cpu.o
 .debug_ranges  0x000005a8       0x20 ./Generated_Code/PE_LDD.o
 .debug_ranges  0x000005c8      0x1a8 ./Generated_Code/UTIL1.o
 .debug_ranges  0x00000770       0x30 ./Generated_Code/WAIT1.o

.debug_macro    0x00000000    0x125a4
 .debug_macro   0x00000000      0x1ee ./Sources/Appliction.o
 .debug_macro   0x000001ee      0x802 ./Sources/Appliction.o
 .debug_macro   0x000009f0      0x214 ./Sources/Appliction.o
 .debug_macro   0x00000c04     0x1592 ./Sources/Appliction.o
 .debug_macro   0x00002196      0x14e ./Sources/Appliction.o
 .debug_macro   0x000022e4       0x64 ./Sources/Appliction.o
 .debug_macro   0x00002348     0x5f60 ./Sources/Appliction.o
 .debug_macro   0x000082a8       0xa0 ./Sources/Appliction.o
 .debug_macro   0x00008348      0x166 ./Sources/Appliction.o
 .debug_macro   0x000084ae       0x51 ./Sources/Appliction.o
 .debug_macro   0x000084ff       0x37 ./Sources/Appliction.o
 .debug_macro   0x00008536       0x2e ./Sources/Appliction.o
 .debug_macro   0x00008564       0x2e ./Sources/Appliction.o
 .debug_macro   0x00008592       0x95 ./Sources/Appliction.o
 .debug_macro   0x00008627       0x3a ./Sources/Appliction.o
 .debug_macro   0x00008661       0x52 ./Sources/Appliction.o
 .debug_macro   0x000086b3       0x43 ./Sources/Appliction.o
 .debug_macro   0x000086f6      0x16d ./Sources/Appliction.o
 .debug_macro   0x00008863       0x35 ./Sources/Appliction.o
 .debug_macro   0x00008898       0x19 ./Sources/Appliction.o
 .debug_macro   0x000088b1       0x10 ./Sources/Appliction.o
 .debug_macro   0x000088c1       0x94 ./Sources/Appliction.o
 .debug_macro   0x00008955      0x12b ./Sources/Appliction.o
 .debug_macro   0x00008a80       0x40 ./Sources/Appliction.o
 .debug_macro   0x00008ac0       0x20 ./Sources/Appliction.o
 .debug_macro   0x00008ae0       0x47 ./Sources/Appliction.o
 .debug_macro   0x00008b27       0x46 ./Sources/Appliction.o
 .debug_macro   0x00008b6d       0x20 ./Sources/Appliction.o
 .debug_macro   0x00008b8d       0x47 ./Sources/Appliction.o
 .debug_macro   0x00008bd4       0x65 ./Sources/Appliction.o
 .debug_macro   0x00008c39       0x1f ./Sources/Appliction.o
 .debug_macro   0x00008c58      0x27a ./Sources/DTH.o
 .debug_macro   0x00008ed2       0x9a ./Sources/DTH.o
 .debug_macro   0x00008f6c       0x31 ./Sources/DTH.o
 .debug_macro   0x00008f9d       0x19 ./Sources/DTH.o
 .debug_macro   0x00008fb6       0x89 ./Sources/DTH.o
 .debug_macro   0x0000903f       0xef ./Sources/DTH.o
 .debug_macro   0x0000912e       0x65 ./Sources/DTH.o
 .debug_macro   0x00009193       0x1f ./Sources/DTH.o
 .debug_macro   0x000091b2       0x10 ./Sources/DTH.o
 .debug_macro   0x000091c2       0x2e ./Sources/DTH.o
 .debug_macro   0x000091f0       0x46 ./Sources/DTH.o
 .debug_macro   0x00009236       0x20 ./Sources/DTH.o
 .debug_macro   0x00009256       0x47 ./Sources/DTH.o
 .debug_macro   0x0000929d       0x58 ./Sources/DTH.o
 .debug_macro   0x000092f5       0x34 ./Sources/DTH.o
 .debug_macro   0x00009329      0x178 ./Sources/ESP8266.o
 .debug_macro   0x000094a1      0x26a ./Sources/Events.o
 .debug_macro   0x0000970b      0x18e ./Sources/GroveStreams.o
 .debug_macro   0x00009899       0xe1 ./Sources/Shell.o
 .debug_macro   0x0000997a      0x26a ./Sources/main.o
 .debug_macro   0x00009be4      0x119 ./Project_Settings/Startup_Code/startup.o
 .debug_macro   0x00009cfd       0x10 ./Project_Settings/Startup_Code/startup.o
 .debug_macro   0x00009d0d       0x89 ./Project_Settings/Startup_Code/startup.o
 .debug_macro   0x00009d96       0x1c ./Project_Settings/Startup_Code/startup.o
 .debug_macro   0x00009db2       0x10 ./Project_Settings/Startup_Code/startup.o
 .debug_macro   0x00009dc2     0x5f54 ./Project_Settings/Startup_Code/startup.o
 .debug_macro   0x0000fd16      0x2e9 ./Generated_Code/AS1.o
 .debug_macro   0x0000ffff       0x5f ./Generated_Code/AS1.o
 .debug_macro   0x0001005e      0x2e9 ./Generated_Code/AS2.o
 .debug_macro   0x00010347       0x5f ./Generated_Code/AS2.o
 .debug_macro   0x000103a6       0xa7 ./Generated_Code/ASerialLdd1.o
 .debug_macro   0x0001044d       0x25 ./Generated_Code/ASerialLdd1.o
 .debug_macro   0x00010472      0x31c ./Generated_Code/ASerialLdd1.o
 .debug_macro   0x0001078e      0x84c ./Generated_Code/ASerialLdd1.o
 .debug_macro   0x00010fda       0xa7 ./Generated_Code/ASerialLdd2.o
 .debug_macro   0x00011081       0x25 ./Generated_Code/ASerialLdd2.o
 .debug_macro   0x000110a6      0x7b2 ./Generated_Code/ASerialLdd2.o
 .debug_macro   0x00011858       0x88 ./Generated_Code/BitIoLdd1.o
 .debug_macro   0x000118e0       0x88 ./Generated_Code/BitIoLdd2.o
 .debug_macro   0x00011968       0x40 ./Generated_Code/BitIoLdd2.o
 .debug_macro   0x000119a8       0x88 ./Generated_Code/BitIoLdd3.o
 .debug_macro   0x00011a30       0x40 ./Generated_Code/BitIoLdd3.o
 .debug_macro   0x00011a70       0x88 ./Generated_Code/BitIoLdd4.o
 .debug_macro   0x00011af8       0x52 ./Generated_Code/BitIoLdd4.o
 .debug_macro   0x00011b4a      0x16e ./Generated_Code/CLS1.o
 .debug_macro   0x00011cb8      0x288 ./Generated_Code/Cpu.o
 .debug_macro   0x00011f40      0x22c ./Generated_Code/PE_LDD.o
 .debug_macro   0x0001216c      0x140 ./Generated_Code/UTIL1.o
 .debug_macro   0x000122ac      0x288 ./Generated_Code/Vectors.o
 .debug_macro   0x00012534       0x70 ./Generated_Code/WAIT1.o

.debug_line     0x00000000     0x6240
 .debug_line    0x00000000      0x4bc ./Sources/Appliction.o
 .debug_line    0x000004bc      0x49e ./Sources/DTH.o
 .debug_line    0x0000095a      0x71b ./Sources/ESP8266.o
 .debug_line    0x00001075      0x4c8 ./Sources/Events.o
 .debug_line    0x0000153d      0x3bf ./Sources/GroveStreams.o
 .debug_line    0x000018fc      0x283 ./Sources/Shell.o
 .debug_line    0x00001b7f      0x424 ./Sources/main.o
 .debug_line    0x00001fa3      0x3db ./Project_Settings/Startup_Code/startup.o
 .debug_line    0x0000237e      0x6d8 ./Generated_Code/AS1.o
 .debug_line    0x00002a56      0x6d8 ./Generated_Code/AS2.o
 .debug_line    0x0000312e      0x2fb ./Generated_Code/ASerialLdd1.o
 .debug_line    0x00003429      0x2f5 ./Generated_Code/ASerialLdd2.o
 .debug_line    0x0000371e      0x230 ./Generated_Code/BitIoLdd1.o
 .debug_line    0x0000394e      0x230 ./Generated_Code/BitIoLdd2.o
 .debug_line    0x00003b7e      0x231 ./Generated_Code/BitIoLdd3.o
 .debug_line    0x00003daf      0x26c ./Generated_Code/BitIoLdd4.o
 .debug_line    0x0000401b      0x586 ./Generated_Code/CLS1.o
 .debug_line    0x000045a1      0x606 ./Generated_Code/Cpu.o
 .debug_line    0x00004ba7      0x41a ./Generated_Code/PE_LDD.o
 .debug_line    0x00004fc1      0xb27 ./Generated_Code/UTIL1.o
 .debug_line    0x00005ae8      0x574 ./Generated_Code/Vectors.o
 .debug_line    0x0000605c      0x1e4 ./Generated_Code/WAIT1.o

.debug_str      0x00000000    0x40716
 .debug_str     0x00000000    0x2cf5c ./Sources/Appliction.o
                              0x2d3c0 (size before relaxing)
 .debug_str     0x0002cf5c      0xc1b ./Sources/DTH.o
                              0x2df1b (size before relaxing)
 .debug_str     0x0002db77      0x368 ./Sources/ESP8266.o
                              0x2c13f (size before relaxing)
 .debug_str     0x0002dedf       0xad ./Sources/Events.o
                              0x2de93 (size before relaxing)
 .debug_str     0x0002df8c      0x1f4 ./Sources/GroveStreams.o
                              0x2bd7c (size before relaxing)
 .debug_str     0x0002e180       0x64 ./Sources/Shell.o
                              0x2b038 (size before relaxing)
 .debug_str     0x0002e1e4       0x17 ./Sources/main.o
                              0x2de05 (size before relaxing)
 .debug_str     0x0002e1fb      0x202 ./Project_Settings/Startup_Code/startup.o
                              0x2477e (size before relaxing)
 .debug_str     0x0002e3fd      0x32f ./Generated_Code/AS1.o
                              0x2e16f (size before relaxing)
 .debug_str     0x0002e72c      0x129 ./Generated_Code/AS2.o
                              0x2e16f (size before relaxing)
 .debug_str     0x0002e855     0x9d85 ./Generated_Code/ASerialLdd1.o
                              0x33ea6 (size before relaxing)
 .debug_str     0x000385da     0x7115 ./Generated_Code/ASerialLdd2.o
                              0x37779 (size before relaxing)
 .debug_str     0x0003f6ef       0xe4 ./Generated_Code/BitIoLdd1.o
                              0x2a99c (size before relaxing)
 .debug_str     0x0003f7d3       0xa0 ./Generated_Code/BitIoLdd2.o
                              0x2a99c (size before relaxing)
 .debug_str     0x0003f873       0xa0 ./Generated_Code/BitIoLdd3.o
                              0x2a996 (size before relaxing)
 .debug_str     0x0003f913       0xd8 ./Generated_Code/BitIoLdd4.o
                              0x2aa38 (size before relaxing)
 .debug_str     0x0003f9eb      0x303 ./Generated_Code/CLS1.o
                              0x2c2d0 (size before relaxing)
 .debug_str     0x0003fcee      0x19c ./Generated_Code/Cpu.o
                              0x2e119 (size before relaxing)
 .debug_str     0x0003fe8a      0x177 ./Generated_Code/PE_LDD.o
                              0x2dfa7 (size before relaxing)
 .debug_str     0x00040001      0x675 ./Generated_Code/UTIL1.o
                              0x2bc44 (size before relaxing)
 .debug_str     0x00040676       0x1c ./Generated_Code/Vectors.o
                              0x2de44 (size before relaxing)
 .debug_str     0x00040692       0x84 ./Generated_Code/WAIT1.o
                              0x29cbb (size before relaxing)

.debug_frame    0x00000000     0x1c90
 .debug_frame   0x00000000       0x78 ./Sources/Appliction.o
 .debug_frame   0x00000078       0x68 ./Sources/DTH.o
 .debug_frame   0x000000e0      0x3d0 ./Sources/ESP8266.o
 .debug_frame   0x000004b0      0x144 ./Sources/Events.o
 .debug_frame   0x000005f4       0xcc ./Sources/GroveStreams.o
 .debug_frame   0x000006c0       0x48 ./Sources/Shell.o
 .debug_frame   0x00000708       0x2c ./Sources/main.o
 .debug_frame   0x00000734      0x120 ./Project_Settings/Startup_Code/startup.o
 .debug_frame   0x00000854      0x1c4 ./Generated_Code/AS1.o
 .debug_frame   0x00000a18      0x1c4 ./Generated_Code/AS2.o
 .debug_frame   0x00000bdc       0xf8 ./Generated_Code/ASerialLdd1.o
 .debug_frame   0x00000cd4       0xf8 ./Generated_Code/ASerialLdd2.o
 .debug_frame   0x00000dcc       0xb0 ./Generated_Code/BitIoLdd1.o
 .debug_frame   0x00000e7c       0xb0 ./Generated_Code/BitIoLdd2.o
 .debug_frame   0x00000f2c       0xb0 ./Generated_Code/BitIoLdd3.o
 .debug_frame   0x00000fdc      0x110 ./Generated_Code/BitIoLdd4.o
 .debug_frame   0x000010ec      0x398 ./Generated_Code/CLS1.o
 .debug_frame   0x00001484       0x80 ./Generated_Code/Cpu.o
 .debug_frame   0x00001504       0x6c ./Generated_Code/PE_LDD.o
 .debug_frame   0x00001570      0x690 ./Generated_Code/UTIL1.o
 .debug_frame   0x00001c00       0x90 ./Generated_Code/WAIT1.o
