Archive member included because of file (symbol)

c:/freescale/kds_3.0.0/toolchain/bin/../lib/gcc/arm-none-eabi/4.8.4/armv6-m\libgcc.a(_udivsi3.o)
                              ./SDK/platform/system/src/clock/MKL25Z4/fsl_clock_MKL25Z4.o (__aeabi_uidiv)
c:/freescale/kds_3.0.0/toolchain/bin/../lib/gcc/arm-none-eabi/4.8.4/armv6-m\libgcc.a(_dvmd_tls.o)
                              c:/freescale/kds_3.0.0/toolchain/bin/../lib/gcc/arm-none-eabi/4.8.4/armv6-m\libgcc.a(_udivsi3.o) (__aeabi_idiv0)
c:/freescale/kds_3.0.0/toolchain/bin/../lib/gcc/arm-none-eabi/4.8.4/armv6-m\libgcc.a(_aeabi_uldivmod.o)
                              ./Generated_Code/osa1.o (__aeabi_uldivmod)
c:/freescale/kds_3.0.0/toolchain/bin/../lib/gcc/arm-none-eabi/4.8.4/armv6-m\libgcc.a(_muldi3.o)
                              ./Generated_Code/osa1.o (__aeabi_lmul)
c:/freescale/kds_3.0.0/toolchain/bin/../lib/gcc/arm-none-eabi/4.8.4/armv6-m\libgcc.a(bpabi.o)
                              c:/freescale/kds_3.0.0/toolchain/bin/../lib/gcc/arm-none-eabi/4.8.4/armv6-m\libgcc.a(_aeabi_uldivmod.o) (__gnu_uldivmod_helper)
c:/freescale/kds_3.0.0/toolchain/bin/../lib/gcc/arm-none-eabi/4.8.4/armv6-m\libgcc.a(_divdi3.o)
                              c:/freescale/kds_3.0.0/toolchain/bin/../lib/gcc/arm-none-eabi/4.8.4/armv6-m\libgcc.a(bpabi.o) (__divdi3)
c:/freescale/kds_3.0.0/toolchain/bin/../lib/gcc/arm-none-eabi/4.8.4/armv6-m\libgcc.a(_udivdi3.o)
                              c:/freescale/kds_3.0.0/toolchain/bin/../lib/gcc/arm-none-eabi/4.8.4/armv6-m\libgcc.a(bpabi.o) (__udivdi3)
c:/freescale/kds_3.0.0/toolchain/bin/../lib/gcc/arm-none-eabi/4.8.4/armv6-m\libgcc.a(_clzsi2.o)
                              c:/freescale/kds_3.0.0/toolchain/bin/../lib/gcc/arm-none-eabi/4.8.4/armv6-m\libgcc.a(_divdi3.o) (__clzsi2)
c:/freescale/kds_3.0.0/toolchain/bin/../lib/gcc/arm-none-eabi/4.8.4/../../../../arm-none-eabi/lib/armv6-m\libg_s.a(lib_a-assert.o)
                              ./SDK/platform/system/src/interrupt/fsl_interrupt_manager.o (__assert_func)
c:/freescale/kds_3.0.0/toolchain/bin/../lib/gcc/arm-none-eabi/4.8.4/../../../../arm-none-eabi/lib/armv6-m\libg_s.a(lib_a-calloc.o)
                              ./SDK/platform/osa/src/fsl_os_abstraction_bm.o (calloc)
c:/freescale/kds_3.0.0/toolchain/bin/../lib/gcc/arm-none-eabi/4.8.4/../../../../arm-none-eabi/lib/armv6-m\libg_s.a(lib_a-exit.o)
                              c:/freescale/kds_3.0.0/toolchain/bin/../lib/gcc/arm-none-eabi/4.8.4/../../../../arm-none-eabi/lib/armv6-m/crt0.o (exit)
c:/freescale/kds_3.0.0/toolchain/bin/../lib/gcc/arm-none-eabi/4.8.4/../../../../arm-none-eabi/lib/armv6-m\libg_s.a(lib_a-fprintf.o)
                              c:/freescale/kds_3.0.0/toolchain/bin/../lib/gcc/arm-none-eabi/4.8.4/../../../../arm-none-eabi/lib/armv6-m\libg_s.a(lib_a-assert.o) (fiprintf)
c:/freescale/kds_3.0.0/toolchain/bin/../lib/gcc/arm-none-eabi/4.8.4/../../../../arm-none-eabi/lib/armv6-m\libg_s.a(lib_a-impure.o)
                              c:/freescale/kds_3.0.0/toolchain/bin/../lib/gcc/arm-none-eabi/4.8.4/../../../../arm-none-eabi/lib/armv6-m\libg_s.a(lib_a-exit.o) (_global_impure_ptr)
c:/freescale/kds_3.0.0/toolchain/bin/../lib/gcc/arm-none-eabi/4.8.4/../../../../arm-none-eabi/lib/armv6-m\libg_s.a(lib_a-init.o)
                              c:/freescale/kds_3.0.0/toolchain/bin/../lib/gcc/arm-none-eabi/4.8.4/../../../../arm-none-eabi/lib/armv6-m/crt0.o (__libc_init_array)
c:/freescale/kds_3.0.0/toolchain/bin/../lib/gcc/arm-none-eabi/4.8.4/../../../../arm-none-eabi/lib/armv6-m\libg_s.a(lib_a-malloc.o)
                              ./SDK/platform/osa/src/fsl_os_abstraction_bm.o (malloc)
c:/freescale/kds_3.0.0/toolchain/bin/../lib/gcc/arm-none-eabi/4.8.4/../../../../arm-none-eabi/lib/armv6-m\libg_s.a(lib_a-memset.o)
                              c:/freescale/kds_3.0.0/toolchain/bin/../lib/gcc/arm-none-eabi/4.8.4/../../../../arm-none-eabi/lib/armv6-m/crt0.o (memset)
c:/freescale/kds_3.0.0/toolchain/bin/../lib/gcc/arm-none-eabi/4.8.4/../../../../arm-none-eabi/lib/armv6-m\libg_s.a(lib_a-nano-callocr.o)
                              c:/freescale/kds_3.0.0/toolchain/bin/../lib/gcc/arm-none-eabi/4.8.4/../../../../arm-none-eabi/lib/armv6-m\libg_s.a(lib_a-calloc.o) (_calloc_r)
c:/freescale/kds_3.0.0/toolchain/bin/../lib/gcc/arm-none-eabi/4.8.4/../../../../arm-none-eabi/lib/armv6-m\libg_s.a(lib_a-nano-freer.o)
                              c:/freescale/kds_3.0.0/toolchain/bin/../lib/gcc/arm-none-eabi/4.8.4/../../../../arm-none-eabi/lib/armv6-m\libg_s.a(lib_a-malloc.o) (_free_r)
c:/freescale/kds_3.0.0/toolchain/bin/../lib/gcc/arm-none-eabi/4.8.4/../../../../arm-none-eabi/lib/armv6-m\libg_s.a(lib_a-nano-mallocr.o)
                              c:/freescale/kds_3.0.0/toolchain/bin/../lib/gcc/arm-none-eabi/4.8.4/../../../../arm-none-eabi/lib/armv6-m\libg_s.a(lib_a-malloc.o) (_malloc_r)
c:/freescale/kds_3.0.0/toolchain/bin/../lib/gcc/arm-none-eabi/4.8.4/../../../../arm-none-eabi/lib/armv6-m\libg_s.a(lib_a-sbrkr.o)
[...]
Memory Configuration

Name             Origin             Length             Attributes
m_interrupts     0x00000000         0x00000200         xr
m_flash_config   0x00000400         0x00000010         xr
m_interrupts_ram 0x1ffff000         0x00000200         rw
m_text           0x00000410         0x0001fbf0         xr
m_data           0x1ffff200         0x00003e00         rw
*default*        0x00000000         0xffffffff

Linker script and memory map

LOAD c:/freescale/kds_3.0.0/toolchain/bin/../lib/gcc/arm-none-eabi/4.8.4/armv6-m/crti.o
LOAD c:/freescale/kds_3.0.0/toolchain/bin/../lib/gcc/arm-none-eabi/4.8.4/armv6-m/crtbegin.o
LOAD c:/freescale/kds_3.0.0/toolchain/bin/../lib/gcc/arm-none-eabi/4.8.4/../../../../arm-none-eabi/lib/armv6-m/crt0.o
LOAD ./Static_Code/System/PE_low_level_init.o
LOAD ./Sources/Application.o
LOAD ./Sources/Events.o
LOAD ./Sources/ILI9325.o
LOAD ./Sources/ILI9328.o
LOAD ./Sources/Terminus.o
LOAD ./Sources/glcdfont.o
LOAD ./Sources/main.o
LOAD ./SDK/platform/system/src/interrupt/fsl_interrupt_manager.o
LOAD ./SDK/platform/system/src/clock/MKL25Z4/fsl_clock_MKL25Z4.o
LOAD ./SDK/platform/system/src/clock/fsl_clock_manager.o
LOAD ./SDK/platform/system/src/clock/fsl_clock_manager_common.o
LOAD ./SDK/platform/osa/src/fsl_os_abstraction_bm.o
LOAD ./SDK/platform/hal/src/sim/MKL25Z4/fsl_sim_hal_MKL25Z4.o
LOAD ./SDK/platform/hal/src/rtc/fsl_rtc_hal.o
LOAD ./SDK/platform/hal/src/port/fsl_port_hal.o
LOAD ./SDK/platform/hal/src/osc/fsl_osc_hal.o
LOAD ./SDK/platform/hal/src/mcg/fsl_mcg_hal.o
LOAD ./SDK/platform/hal/src/mcg/fsl_mcg_hal_modes.o
LOAD ./SDK/platform/hal/src/gpio/fsl_gpio_hal.o
LOAD ./SDK/platform/drivers/src/rtc/fsl_rtc_common.o
LOAD ./SDK/platform/drivers/src/gpio/fsl_gpio_common.o
LOAD ./SDK/platform/drivers/src/gpio/fsl_gpio_driver.o
LOAD ./SDK/platform/devices/MKL25Z4/startup/gcc/startup_MKL25Z4.o
LOAD ./SDK/platform/devices/MKL25Z4/startup/system_MKL25Z4.o
LOAD ./SDK/platform/devices/startup.o
LOAD ./Generated_Code/Cpu.o
LOAD ./Generated_Code/LCD.o
LOAD ./Generated_Code/LED.o
LOAD ./Generated_Code/WAIT1.o
LOAD ./Generated_Code/clockMan1.o
LOAD ./Generated_Code/hardware_init.o
LOAD ./Generated_Code/osa1.o
LOAD ./Generated_Code/pin_mux.o
LOAD c:/freescale/kds_3.0.0/toolchain/bin/../lib/gcc/arm-none-eabi/4.8.4/../../../../arm-none-eabi/lib/armv6-m\libstdc++_s.a
LOAD c:/freescale/kds_3.0.0/toolchain/bin/../lib/gcc/arm-none-eabi/4.8.4/../../../../arm-none-eabi/lib/armv6-m\libm.a
START GROUP
LOAD c:/freescale/kds_3.0.0/toolchain/bin/../lib/gcc/arm-none-eabi/4.8.4/armv6-m\libgcc.a
LOAD c:/freescale/kds_3.0.0/toolchain/bin/../lib/gcc/arm-none-eabi/4.8.4/../../../../arm-none-eabi/lib/armv6-m\libg_s.a
LOAD c:/freescale/kds_3.0.0/toolchain/bin/../lib/gcc/arm-none-eabi/4.8.4/../../../../arm-none-eabi/lib/armv6-m\libc_s.a
END GROUP
START GROUP
LOAD c:/freescale/kds_3.0.0/toolchain/bin/../lib/gcc/arm-none-eabi/4.8.4/armv6-m\libgcc.a
LOAD c:/freescale/kds_3.0.0/toolchain/bin/../lib/gcc/arm-none-eabi/4.8.4/../../../../arm-none-eabi/lib/armv6-m\libc_s.a
LOAD c:/freescale/kds_3.0.0/toolchain/bin/../lib/gcc/arm-none-eabi/4.8.4/../../../../arm-none-eabi/lib/armv6-m\libnosys.a
END GROUP
START GROUP
LOAD c:/freescale/kds_3.0.0/toolchain/bin/../lib/gcc/arm-none-eabi/4.8.4/armv6-m\libgcc.a
LOAD c:/freescale/kds_3.0.0/toolchain/bin/../lib/gcc/arm-none-eabi/4.8.4/../../../../arm-none-eabi/lib/armv6-m\libc_s.a
LOAD c:/freescale/kds_3.0.0/toolchain/bin/../lib/gcc/arm-none-eabi/4.8.4/../../../../arm-none-eabi/lib/armv6-m\libnosys.a
END GROUP
LOAD c:/freescale/kds_3.0.0/toolchain/bin/../lib/gcc/arm-none-eabi/4.8.4/armv6-m/crtend.o
LOAD c:/freescale/kds_3.0.0/toolchain/bin/../lib/gcc/arm-none-eabi/4.8.4/armv6-m/crtn.o
                0x00000000                HEAP_SIZE = DEFINED (__heap_size__)?__heap_size__:0x0
                0x00000400                STACK_SIZE = DEFINED (__stack_size__)?__stack_size__:0x400

.interrupts     0x00000000       0xc0
                0x00000000                __VECTOR_TABLE = .
                0x00000000                . = ALIGN (0x4)
 *(.isr_vector)
 .isr_vector    0x00000000       0xc0 ./SDK/platform/devices/MKL25Z4/startup/gcc/startup_MKL25Z4.o
                0x00000000                __isr_vector
                0x000000c0                . = ALIGN (0x4)
                0x1ffff000                __VECTOR_RAM = ORIGIN (m_interrupts_ram)

.flash_config   0x00000400       0x10
                0x00000400                . = ALIGN (0x4)
 *(.FlashConfig)
 .FlashConfig   0x00000400       0x10 ./SDK/platform/devices/MKL25Z4/startup/gcc/startup_MKL25Z4.o
                0x00000410                . = ALIGN (0x4)

.text           0x00000410     0x4e7c
                0x00000410                . = ALIGN (0x4)
 *(.text)
 .text          0x00000410       0x60 c:/freescale/kds_3.0.0/toolchain/bin/../lib/gcc/arm-none-eabi/4.8.4/armv6-m/crtbegin.o
 .text          0x00000470       0x78 c:/freescale/kds_3.0.0/toolchain/bin/../lib/gcc/arm-none-eabi/4.8.4/../../../../arm-none-eabi/lib/armv6-m/crt0.o
                0x00000470                _start
                0x00000470                _mainCRTStartup
 .text          0x000004e8       0x18 ./SDK/platform/devices/MKL25Z4/startup/gcc/startup_MKL25Z4.o
                0x000004e8                Reset_Handler
                0x000004f8                HardFault_Handler
                0x000004f8                PendSV_Handler
                0x000004f8                NMI_Handler
                0x000004f8                I2C1_IRQHandler
                0x000004f8                UART1_IRQHandler
                0x000004f8                DMA2_IRQHandler
                0x000004f8                TPM0_IRQHandler
                0x000004f8                LLWU_IRQHandler
                0x000004f8                TSI0_IRQHandler
                0x000004f8                UART0_IRQHandler
                0x000004f8                ADC0_IRQHandler
                0x000004f8                Reserved39_IRQHandler
                0x000004f8                SPI1_IRQHandler
                0x000004f8                DefaultISR
                0x000004f8                PORTD_IRQHandler
                0x000004f8                TPM2_IRQHandler
                0x000004f8                RTC_IRQHandler
                0x000004f8                I2C0_IRQHandler
                0x000004f8                RTC_Seconds_IRQHandler
                0x000004f8                MCG_IRQHandler
                0x000004f8                UART2_IRQHandler
                0x000004f8                Reserved20_IRQHandler
                0x000004f8                USB0_IRQHandler
                0x000004f8                PIT_IRQHandler
                0x000004f8                SVC_Handler
                0x000004f8                DMA3_IRQHandler
                0x000004f8                DMA0_IRQHandler
                0x000004f8                DAC0_IRQHandler
                0x000004f8                Reserved45_IRQHandler
                0x000004f8                TPM1_IRQHandler
                0x000004f8                LVD_LVW_IRQHandler
                0x000004f8                SPI0_IRQHandler
                0x000004f8                PORTA_IRQHandler
                0x000004f8                FTFA_IRQHandler
                0x000004f8                LPTMR0_IRQHandler
                0x000004f8                CMP0_IRQHandler
                0x000004f8                DMA1_IRQHandler
 .text          0x00000500       0x9c c:/freescale/kds_3.0.0/toolchain/bin/../lib/gcc/arm-none-eabi/4.8.4/armv6-m\libgcc.a(_udivsi3.o)
                0x00000500                __aeabi_uidiv
                0x00000500                __udivsi3
                0x00000588                __aeabi_uidivmod
 .text          0x0000059c        0x4 c:/freescale/kds_3.0.0/toolchain/bin/../lib/gcc/arm-none-eabi/4.8.4/armv6-m\libgcc.a(_dvmd_tls.o)
                0x0000059c                __aeabi_idiv0
                0x0000059c                __aeabi_ldiv0
 .text          0x000005a0       0x40 c:/freescale/kds_3.0.0/toolchain/bin/../lib/gcc/arm-none-eabi/4.8.4/armv6-m\libgcc.a(_aeabi_uldivmod.o)
                0x000005a0                __aeabi_uldivmod
 .text          0x000005e0       0x44 c:/freescale/kds_3.0.0/toolchain/bin/../lib/gcc/arm-none-eabi/4.8.4/armv6-m\libgcc.a(_muldi3.o)
                0x000005e0                __muldi3
                0x000005e0                __aeabi_lmul
 .text          0x00000624       0x6c c:/freescale/kds_3.0.0/toolchain/bin/../lib/gcc/arm-none-eabi/4.8.4/armv6-m\libgcc.a(bpabi.o)
                0x00000624                __gnu_ldivmod_helper
                0x0000065c                __gnu_uldivmod_helper
 .text          0x00000690      0x3b8 c:/freescale/kds_3.0.0/toolchain/bin/../lib/gcc/arm-none-eabi/4.8.4/armv6-m\libgcc.a(_divdi3.o)
                0x00000690                __divdi3
 .text          0x00000a48      0x384 c:/freescale/kds_3.0.0/toolchain/bin/../lib/gcc/arm-none-eabi/4.8.4/armv6-m\libgcc.a(_udivdi3.o)
                0x00000a48                __udivdi3
 .text          0x00000dcc       0x3c c:/freescale/kds_3.0.0/toolchain/bin/../lib/gcc/arm-none-eabi/4.8.4/armv6-m\libgcc.a(_clzsi2.o)
                0x00000dcc                __clzsi2
 *(.text*)
 .text.PEX_components_init
                0x00000e08        0xc ./Static_Code/System/PE_low_level_init.o
                0x00000e08                PEX_components_init
 .text.PE_low_level_init
                0x00000e14       0x14 ./Static_Code/System/PE_low_level_init.o
                0x00000e14                PE_low_level_init
 .text.Application_Run
                0x00000e28       0x94 ./Sources/Application.o
                0x00000e28                Application_Run
 .text.ILI9325Begin
                0x00000ebc      0x230 ./Sources/ILI9325.o
                0x00000ebc                ILI9325Begin
 .text.getWidth
                0x000010ec       0x14 ./Sources/ILI9325.o
                0x000010ec                getWidth
 .text.getHeight
                0x00001100       0x14 ./Sources/ILI9325.o
                0x00001100                getHeight
 .text.write    0x00001114       0xe8 ./Sources/ILI9325.o
                0x00001114                write
 .text.drawChar
                0x000011fc      0x284 ./Sources/ILI9325.o
                0x000011fc                drawChar
 .text.drawCircle
                0x00001480      0x310 ./Sources/ILI9325.o
                0x00001480                drawCircle
 .text.drawPixel
                0x00001790      0x118 ./Sources/ILI9325.o
                0x00001790                drawPixel
 .text.drawLine
                0x000018a8      0x1fc ./Sources/ILI9325.o
                0x000018a8                drawLine
 .text.drawFastVLine
                0x00001aa4       0x54 ./Sources/ILI9325.o
                0x00001aa4                drawFastVLine
 .text.fillRect
                0x00001af8       0x78 ./Sources/ILI9325.o
                0x00001af8                fillRect
 .text.setRotation
                0x00001b70       0xe0 ./Sources/ILI9325.o
                0x00001b70                setRotation
 .text.ILI9325FillScreen
                0x00001c50       0xb4 ./Sources/ILI9325.o
                0x00001c50                ILI9325FillScreen
 .text.flood    0x00001d04      0x2b4 ./Sources/ILI9325.o
                0x00001d04                flood
 .text.setAddrWindow
                0x00001fb8      0x118 ./Sources/ILI9325.o
                0x00001fb8                setAddrWindow
 .text.ILI9325ReadID
                0x000020d0       0xc4 ./Sources/ILI9325.o
                0x000020d0                ILI9325ReadID
 .text.ILI9325Reset
                0x00002194       0x98 ./Sources/ILI9325.o
                0x00002194                ILI9325Reset
 .text.ILI9325readReg
                0x0000222c       0xc8 ./Sources/ILI9325.o
                0x0000222c                ILI9325readReg
 .text.setReadDir
                0x000022f4       0x5c ./Sources/ILI9325.o
                0x000022f4                setReadDir
 .text.setWriteDir
                0x00002350       0x5c ./Sources/ILI9325.o
                0x00002350                setWriteDir
 .text.write8   0x000023ac       0xe4 ./Sources/ILI9325.o
                0x000023ac                write8
 .text.writeRegister16
                0x00002490       0x8c ./Sources/ILI9325.o
                0x00002490                writeRegister16
 .text.read8    0x0000251c       0xf4 ./Sources/ILI9325.o
                0x0000251c                read8
 .text.main     0x00002610       0x14 ./Sources/main.o
                0x00002610                main
 .text.SIM_HAL_EnableClock
                0x00002624       0x58 ./SDK/platform/system/src/clock/MKL25Z4/fsl_clock_MKL25Z4.o
 .text.CLOCK_HAL_GetOutDiv1
                0x0000267c       0x28 ./SDK/platform/system/src/clock/MKL25Z4/fsl_clock_MKL25Z4.o
 .text.CLOCK_SYS_GetCoreClockFreq
                0x000026a4       0x34 ./SDK/platform/system/src/clock/MKL25Z4/fsl_clock_MKL25Z4.o
                0x000026a4                CLOCK_SYS_GetCoreClockFreq
 .text.CLOCK_SYS_EnablePortClock
                0x000026d8       0x4c ./SDK/platform/system/src/clock/MKL25Z4/fsl_clock_MKL25Z4.o
                0x000026d8                CLOCK_SYS_EnablePortClock
 .text.CLOCK_SYS_GetSystickFreq
                0x00002724       0x28 ./SDK/platform/system/src/clock/fsl_clock_manager.o
                0x00002724                CLOCK_SYS_GetSystickFreq
 .text.task_init
                0x0000274c       0x60 ./SDK/platform/osa/src/fsl_os_abstraction_bm.o
                0x0000274c                task_init
 .text.OSA_Init
                0x000027ac       0x14 ./SDK/platform/osa/src/fsl_os_abstraction_bm.o
                0x000027ac                OSA_Init
 .text.OSA_Start
                0x000027c0       0x38 ./SDK/platform/osa/src/fsl_os_abstraction_bm.o
                0x000027c0                OSA_Start
 .text.CLOCK_HAL_GetClkOutStat
                0x000027f8       0x20 ./SDK/platform/hal/src/mcg/fsl_mcg_hal.o
 .text.CLOCK_HAL_IsPllSelected
                0x00002818       0x24 ./SDK/platform/hal/src/mcg/fsl_mcg_hal.o
 .text.CLOCK_HAL_GetMcgExternalClkFreq
                0x0000283c       0x18 ./SDK/platform/hal/src/mcg/fsl_mcg_hal.o
 .text.CLOCK_HAL_TestFllExternalRefFreq
                0x00002854       0x7c ./SDK/platform/hal/src/mcg/fsl_mcg_hal.o
                0x00002854                CLOCK_HAL_TestFllExternalRefFreq
 .text.CLOCK_HAL_GetFllRefClk
                0x000028d0       0x8c ./SDK/platform/hal/src/mcg/fsl_mcg_hal.o
                0x000028d0                CLOCK_HAL_GetFllRefClk
 .text.CLOCK_HAL_TestFllFreq
                0x0000295c       0x6c ./SDK/platform/hal/src/mcg/fsl_mcg_hal.o
                0x0000295c                CLOCK_HAL_TestFllFreq
 .text.CLOCK_HAL_GetFllClk
                0x000029c8       0x7c ./SDK/platform/hal/src/mcg/fsl_mcg_hal.o
                0x000029c8                CLOCK_HAL_GetFllClk
 .text.CLOCK_HAL_GetPll0RefFreq
                0x00002a44       0x1c ./SDK/platform/hal/src/mcg/fsl_mcg_hal.o
                0x00002a44                CLOCK_HAL_GetPll0RefFreq
 .text.CLOCK_HAL_GetPll0Clk
                0x00002a60       0x90 ./SDK/platform/hal/src/mcg/fsl_mcg_hal.o
                0x00002a60                CLOCK_HAL_GetPll0Clk
 .text.CLOCK_HAL_GetInternalRefClk
                0x00002af0       0x64 ./SDK/platform/hal/src/mcg/fsl_mcg_hal.o
                0x00002af0                CLOCK_HAL_GetInternalRefClk
 .text.CLOCK_HAL_GetOutClk
                0x00002b54       0x7c ./SDK/platform/hal/src/mcg/fsl_mcg_hal.o
                0x00002b54                CLOCK_HAL_GetOutClk
 .text.GPIO_HAL_SetPinDir
                0x00002bd0       0x6c ./SDK/platform/hal/src/gpio/fsl_gpio_hal.o
                0x00002bd0                GPIO_HAL_SetPinDir
 .text.GPIO_HAL_WritePinOutput
                0x00002c3c       0x50 ./SDK/platform/hal/src/gpio/fsl_gpio_hal.o
                0x00002c3c                GPIO_HAL_WritePinOutput
 .text.NVIC_EnableIRQ
                0x00002c8c       0x2c ./SDK/platform/drivers/src/gpio/fsl_gpio_driver.o
 .text.PORT_HAL_SetPullCmd
                0x00002cb8       0x4c ./SDK/platform/drivers/src/gpio/fsl_gpio_driver.o
 .text.PORT_HAL_SetSlewRateMode
                0x00002d04       0x4c ./SDK/platform/drivers/src/gpio/fsl_gpio_driver.o
 .text.PORT_HAL_SetPassiveFilterCmd
                0x00002d50       0x4c ./SDK/platform/drivers/src/gpio/fsl_gpio_driver.o
 .text.PORT_HAL_SetDriveStrengthMode
                0x00002d9c       0x4c ./SDK/platform/drivers/src/gpio/fsl_gpio_driver.o
 .text.PORT_HAL_SetMuxMode
                0x00002de8       0x4c ./SDK/platform/drivers/src/gpio/fsl_gpio_driver.o
 .text.PORT_HAL_SetPinIntMode
                0x00002e34       0x4c ./SDK/platform/drivers/src/gpio/fsl_gpio_driver.o
 .text.GPIO_HAL_SetPinOutput
                0x00002e80       0x3c ./SDK/platform/drivers/src/gpio/fsl_gpio_driver.o
 .text.GPIO_HAL_ClearPinOutput
                0x00002ebc       0x3c ./SDK/platform/drivers/src/gpio/fsl_gpio_driver.o
 .text.GPIO_HAL_TogglePinOutput
                0x00002ef8       0x3c ./SDK/platform/drivers/src/gpio/fsl_gpio_driver.o
 .text.GPIO_HAL_ReadPinInput
                0x00002f34       0x40 ./SDK/platform/drivers/src/gpio/fsl_gpio_driver.o
 .text.INT_SYS_EnableIRQ
                0x00002f74       0x5c ./SDK/platform/drivers/src/gpio/fsl_gpio_driver.o
 .text.GPIO_DRV_Init
                0x00002fd0       0x4c ./SDK/platform/drivers/src/gpio/fsl_gpio_driver.o
                0x00002fd0                GPIO_DRV_Init
 .text.GPIO_DRV_InputPinInit
                0x0000301c       0xc4 ./SDK/platform/drivers/src/gpio/fsl_gpio_driver.o
                0x0000301c                GPIO_DRV_InputPinInit
 .text.GPIO_DRV_OutputPinInit
                0x000030e0       0x9c ./SDK/platform/drivers/src/gpio/fsl_gpio_driver.o
                0x000030e0                GPIO_DRV_OutputPinInit
 .text.GPIO_DRV_SetPinDir
                0x0000317c       0x44 ./SDK/platform/drivers/src/gpio/fsl_gpio_driver.o
                0x0000317c                GPIO_DRV_SetPinDir
 .text.GPIO_DRV_WritePinOutput
                0x000031c0       0x3c ./SDK/platform/drivers/src/gpio/fsl_gpio_driver.o
                0x000031c0                GPIO_DRV_WritePinOutput
 .text.GPIO_DRV_SetPinOutput
                0x000031fc       0x38 ./SDK/platform/drivers/src/gpio/fsl_gpio_driver.o
                0x000031fc                GPIO_DRV_SetPinOutput
 .text.GPIO_DRV_ClearPinOutput
                0x00003234       0x38 ./SDK/platform/drivers/src/gpio/fsl_gpio_driver.o
                0x00003234                GPIO_DRV_ClearPinOutput
 .text.GPIO_DRV_TogglePinOutput
                0x0000326c       0x38 ./SDK/platform/drivers/src/gpio/fsl_gpio_driver.o
                0x0000326c                GPIO_DRV_TogglePinOutput
 .text.GPIO_DRV_ReadPinInput
                0x000032a4       0x3c ./SDK/platform/drivers/src/gpio/fsl_gpio_driver.o
                0x000032a4                GPIO_DRV_ReadPinInput
 .text.SystemInit
                0x000032e0      0x178 ./SDK/platform/devices/MKL25Z4/startup/system_MKL25Z4.o
                0x000032e0                SystemInit
 .text.init_data_bss
                0x00003458       0xc8 ./SDK/platform/devices/startup.o
                0x00003458                init_data_bss
 .text.Components_Init
                0x00003520       0x24 ./Generated_Code/Cpu.o
                0x00003520                Components_Init
 .text.WAIT1_Wait10Cycles
                0x00003544        0x8 ./Generated_Code/WAIT1.o
                0x00003544                WAIT1_Wait10Cycles
 .text.WAIT1_Wait100Cycles
                0x0000354c       0x18 ./Generated_Code/WAIT1.o
                0x0000354c                WAIT1_Wait100Cycles
 .text.WAIT1_WaitCycles
                0x00003564       0x44 ./Generated_Code/WAIT1.o
                0x00003564                WAIT1_WaitCycles
 .text.WAIT1_WaitLongCycles
                0x000035a8       0x3c ./Generated_Code/WAIT1.o
                0x000035a8                WAIT1_WaitLongCycles
 .text.WAIT1_Waitms
                0x000035e4       0x44 ./Generated_Code/WAIT1.o
                0x000035e4                WAIT1_Waitms
 .text.SIM_HAL_EnableClock
                0x00003628       0x58 ./Generated_Code/hardware_init.o
 .text.hardware_init
                0x00003680       0x68 ./Generated_Code/hardware_init.o
                0x00003680                hardware_init
 .text.NVIC_SetPriority
                0x000036e8       0xe0 ./Generated_Code/osa1.o
 .text.CLOCK_SYS_SetSystickSrc
                0x000037c8       0x30 ./Generated_Code/osa1.o
 .text.SysTick_Handler
                0x000037f8       0x1c ./Generated_Code/osa1.o
                0x000037f8                SysTick_Handler
 *fill*         0x00003814        0x4 
 .text.OSA_TimeInit
                0x00003818       0xa0 ./Generated_Code/osa1.o
                0x00003818                OSA_TimeInit
 .text.PORT_HAL_SetDriveStrengthMode
                0x000038b8       0x4c ./Generated_Code/pin_mux.o
 .text.PORT_HAL_SetMuxMode
                0x00003904       0x4c ./Generated_Code/pin_mux.o
 .text.init_gpio_pins
                0x00003950      0x110 ./Generated_Code/pin_mux.o
                0x00003950                init_gpio_pins
 .text.init_llwu_pins
                0x00003a60       0x3c ./Generated_Code/pin_mux.o
                0x00003a60                init_llwu_pins
 .text.init_rcm_pins
                0x00003a9c       0x20 ./Generated_Code/pin_mux.o
                0x00003a9c                init_rcm_pins
 .text.init_swd_pins
                0x00003abc       0x2c ./Generated_Code/pin_mux.o
                0x00003abc                init_swd_pins
 .text.__assert_func
                0x00003ae8       0x3c c:/freescale/kds_3.0.0/toolchain/bin/../lib/gcc/arm-none-eabi/4.8.4/../../../../arm-none-eabi/lib/armv6-m\libg_s.a(lib_a-assert.o)
                0x00003ae8                __assert_func
 .text.exit     0x00003b24       0x2c c:/freescale/kds_3.0.0/toolchain/bin/../lib/gcc/arm-none-eabi/4.8.4/../../../../arm-none-eabi/lib/armv6-m\libg_s.a(lib_a-exit.o)
                0x00003b24                exit
 .text.fprintf  0x00003b50       0x24 c:/freescale/kds_3.0.0/toolchain/bin/../lib/gcc/arm-none-eabi/4.8.4/../../../../arm-none-eabi/lib/armv6-m\libg_s.a(lib_a-fprintf.o)
                0x00003b50                fiprintf
                0x00003b50                fprintf
 .text.__libc_init_array
                0x00003b74       0x4c c:/freescale/kds_3.0.0/toolchain/bin/../lib/gcc/arm-none-eabi/4.8.4/../../../../arm-none-eabi/lib/armv6-m\libg_s.a(lib_a-init.o)
                0x00003b74                __libc_init_array
 .text.memset   0x00003bc0       0x10 c:/freescale/kds_3.0.0/toolchain/bin/../lib/gcc/arm-none-eabi/4.8.4/../../../../arm-none-eabi/lib/armv6-m\libg_s.a(lib_a-memset.o)
                0x00003bc0                memset
 .text._free_r  0x00003bd0       0x90 c:/freescale/kds_3.0.0/toolchain/bin/../lib/gcc/arm-none-eabi/4.8.4/../../../../arm-none-eabi/lib/armv6-m\libg_s.a(lib_a-nano-freer.o)
                0x00003bd0                _free_r
 .text._malloc_r
                0x00003c60       0xa8 c:/freescale/kds_3.0.0/toolchain/bin/../lib/gcc/arm-none-eabi/4.8.4/../../../../arm-none-eabi/lib/armv6-m\libg_s.a(lib_a-nano-mallocr.o)
                0x00003c60                _malloc_r
 .text._sbrk_r  0x00003d08       0x24 c:/freescale/kds_3.0.0/toolchain/bin/../lib/gcc/arm-none-eabi/4.8.4/../../../../arm-none-eabi/lib/armv6-m\libg_s.a(lib_a-sbrkr.o)
                0x00003d08                _sbrk_r
 .text.strlen   0x00003d2c        0xe c:/freescale/kds_3.0.0/toolchain/bin/../lib/gcc/arm-none-eabi/4.8.4/../../../../arm-none-eabi/lib/armv6-m\libg_s.a(lib_a-strlen.o)
                0x00003d2c                strlen
 .text.__sfputc_r
                0x00003d3a       0x2a c:/freescale/kds_3.0.0/toolchain/bin/../lib/gcc/arm-none-eabi/4.8.4/../../../../arm-none-eabi/lib/armv6-m\libg_s.a(lib_a-vfprintf.o)
 .text.__sfputs_r
                0x00003d64       0x24 c:/freescale/kds_3.0.0/toolchain/bin/../lib/gcc/arm-none-eabi/4.8.4/../../../../arm-none-eabi/lib/armv6-m\libg_s.a(lib_a-vfprintf.o)
                0x00003d64                __sfputs_r
 .text._vfprintf_r
                0x00003d88      0x210 c:/freescale/kds_3.0.0/toolchain/bin/../lib/gcc/arm-none-eabi/4.8.4/../../../../arm-none-eabi/lib/armv6-m\libg_s.a(lib_a-vfprintf.o)
                0x00003d88                _vfprintf_r
                0x00003d88                _vfiprintf_r
 .text._printf_common
                0x00003f98       0xe8 c:/freescale/kds_3.0.0/toolchain/bin/../lib/gcc/arm-none-eabi/4.8.4/../../../../arm-none-eabi/lib/armv6-m\libg_s.a(lib_a-vfprintf_i.o)
                0x00003f98                _printf_common
 .text._printf_i
                0x00004080      0x22c c:/freescale/kds_3.0.0/toolchain/bin/../lib/gcc/arm-none-eabi/4.8.4/../../../../arm-none-eabi/lib/armv6-m\libg_s.a(lib_a-vfprintf_i.o)
                0x00004080                _printf_i
 .text.__swbuf_r
                0x000042ac       0xb0 c:/freescale/kds_3.0.0/toolchain/bin/../lib/gcc/arm-none-eabi/4.8.4/../../../../arm-none-eabi/lib/armv6-m\libg_s.a(lib_a-wbuf.o)
                0x000042ac                __swbuf_r
 .text.__swsetup_r
                0x0000435c       0xe4 c:/freescale/kds_3.0.0/toolchain/bin/../lib/gcc/arm-none-eabi/4.8.4/../../../../arm-none-eabi/lib/armv6-m\libg_s.a(lib_a-wsetup.o)
                0x0000435c                __swsetup_r
 .text.abort    0x00004440        0xe c:/freescale/kds_3.0.0/toolchain/bin/../lib/gcc/arm-none-eabi/4.8.4/../../../../arm-none-eabi/lib/armv6-m\libg_s.a(lib_a-abort.o)
                0x00004440                abort
 .text.__sflush_r
                0x0000444e      0x112 c:/freescale/kds_3.0.0/toolchain/bin/../lib/gcc/arm-none-eabi/4.8.4/../../../../arm-none-eabi/lib/armv6-m\libg_s.a(lib_a-fflush.o)
                0x0000444e                __sflush_r
 .text._fflush_r
                0x00004560       0x58 c:/freescale/kds_3.0.0/toolchain/bin/../lib/gcc/arm-none-eabi/4.8.4/../../../../arm-none-eabi/lib/armv6-m\libg_s.a(lib_a-fflush.o)
                0x00004560                _fflush_r
 .text._cleanup_r
                0x000045b8       0x34 c:/freescale/kds_3.0.0/toolchain/bin/../lib/gcc/arm-none-eabi/4.8.4/../../../../arm-none-eabi/lib/armv6-m\libg_s.a(lib_a-findfp.o)
                0x000045b8                _cleanup_r
 .text.std.isra.0
                0x000045ec       0x48 c:/freescale/kds_3.0.0/toolchain/bin/../lib/gcc/arm-none-eabi/4.8.4/../../../../arm-none-eabi/lib/armv6-m\libg_s.a(lib_a-findfp.o)
 .text.__sfmoreglue
                0x00004634       0x2c c:/freescale/kds_3.0.0/toolchain/bin/../lib/gcc/arm-none-eabi/4.8.4/../../../../arm-none-eabi/lib/armv6-m\libg_s.a(lib_a-findfp.o)
                0x00004634                __sfmoreglue
 .text.__sinit  0x00004660       0x64 c:/freescale/kds_3.0.0/toolchain/bin/../lib/gcc/arm-none-eabi/4.8.4/../../../../arm-none-eabi/lib/armv6-m\libg_s.a(lib_a-findfp.o)
                0x00004660                __sinit
 .text.__sfp    0x000046c4       0x7c c:/freescale/kds_3.0.0/toolchain/bin/../lib/gcc/arm-none-eabi/4.8.4/../../../../arm-none-eabi/lib/armv6-m\libg_s.a(lib_a-findfp.o)
                0x000046c4                __sfp
 .text.__smakebuf_r
                0x00004740       0xa0 c:/freescale/kds_3.0.0/toolchain/bin/../lib/gcc/arm-none-eabi/4.8.4/../../../../arm-none-eabi/lib/armv6-m\libg_s.a(lib_a-makebuf.o)
                0x00004740                __smakebuf_r
 .text.memchr   0x000047e0       0x16 c:/freescale/kds_3.0.0/toolchain/bin/../lib/gcc/arm-none-eabi/4.8.4/../../../../arm-none-eabi/lib/armv6-m\libg_s.a(lib_a-memchr-stub.o)
                0x000047e0                memchr
 .text._raise_r
                0x000047f6       0x56 c:/freescale/kds_3.0.0/toolchain/bin/../lib/gcc/arm-none-eabi/4.8.4/../../../../arm-none-eabi/lib/armv6-m\libg_s.a(lib_a-signal.o)
                0x000047f6                _raise_r
 .text.raise    0x0000484c       0x14 c:/freescale/kds_3.0.0/toolchain/bin/../lib/gcc/arm-none-eabi/4.8.4/../../../../arm-none-eabi/lib/armv6-m\libg_s.a(lib_a-signal.o)
                0x0000484c                raise
 .text._kill_r  0x00004860       0x24 c:/freescale/kds_3.0.0/toolchain/bin/../lib/gcc/arm-none-eabi/4.8.4/../../../../arm-none-eabi/lib/armv6-m\libg_s.a(lib_a-signalr.o)
                0x00004860                _kill_r
 .text._getpid_r
                0x00004884        0x8 c:/freescale/kds_3.0.0/toolchain/bin/../lib/gcc/arm-none-eabi/4.8.4/../../../../arm-none-eabi/lib/armv6-m\libg_s.a(lib_a-signalr.o)
                0x00004884                _getpid_r
 .text.__sread  0x0000488c       0x28 c:/freescale/kds_3.0.0/toolchain/bin/../lib/gcc/arm-none-eabi/4.8.4/../../../../arm-none-eabi/lib/armv6-m\libg_s.a(lib_a-stdio.o)
                0x0000488c                __sread
 .text.__swrite
                0x000048b4       0x38 c:/freescale/kds_3.0.0/toolchain/bin/../lib/gcc/arm-none-eabi/4.8.4/../../../../arm-none-eabi/lib/armv6-m\libg_s.a(lib_a-stdio.o)
                0x000048b4                __swrite
 .text.__sseek  0x000048ec       0x2c c:/freescale/kds_3.0.0/toolchain/bin/../lib/gcc/arm-none-eabi/4.8.4/../../../../arm-none-eabi/lib/armv6-m\libg_s.a(lib_a-stdio.o)
                0x000048ec                __sseek
 .text.__sclose
                0x00004918        0xc c:/freescale/kds_3.0.0/toolchain/bin/../lib/gcc/arm-none-eabi/4.8.4/../../../../arm-none-eabi/lib/armv6-m\libg_s.a(lib_a-stdio.o)
                0x00004918                __sclose
 .text._write_r
                0x00004924       0x28 c:/freescale/kds_3.0.0/toolchain/bin/../lib/gcc/arm-none-eabi/4.8.4/../../../../arm-none-eabi/lib/armv6-m\libg_s.a(lib_a-writer.o)
                0x00004924                _write_r
 .text._close_r
                0x0000494c       0x24 c:/freescale/kds_3.0.0/toolchain/bin/../lib/gcc/arm-none-eabi/4.8.4/../../../../arm-none-eabi/lib/armv6-m\libg_s.a(lib_a-closer.o)
                0x0000494c                _close_r
 .text._fstat_r
                0x00004970       0x24 c:/freescale/kds_3.0.0/toolchain/bin/../lib/gcc/arm-none-eabi/4.8.4/../../../../arm-none-eabi/lib/armv6-m\libg_s.a(lib_a-fstatr.o)
                0x00004970                _fstat_r
 .text._isatty_r
                0x00004994       0x24 c:/freescale/kds_3.0.0/toolchain/bin/../lib/gcc/arm-none-eabi/4.8.4/../../../../arm-none-eabi/lib/armv6-m\libg_s.a(lib_a-isattyr.o)
                0x00004994                _isatty_r
 .text._lseek_r
                0x000049b8       0x28 c:/freescale/kds_3.0.0/toolchain/bin/../lib/gcc/arm-none-eabi/4.8.4/../../../../arm-none-eabi/lib/armv6-m\libg_s.a(lib_a-lseekr.o)
                0x000049b8                _lseek_r
 .text._read_r  0x000049e0       0x28 c:/freescale/kds_3.0.0/toolchain/bin/../lib/gcc/arm-none-eabi/4.8.4/../../../../arm-none-eabi/lib/armv6-m\libg_s.a(lib_a-readr.o)
                0x000049e0                _read_r
 .text._close   0x00004a08       0x10 c:/freescale/kds_3.0.0/toolchain/bin/../lib/gcc/arm-none-eabi/4.8.4/../../../../arm-none-eabi/lib/armv6-m\libnosys.a(close.o)
                0x00004a08                _close
 .text._fstat   0x00004a18       0x10 c:/freescale/kds_3.0.0/toolchain/bin/../lib/gcc/arm-none-eabi/4.8.4/../../../../arm-none-eabi/lib/armv6-m\libnosys.a(fstat.o)
                0x00004a18                _fstat
 .text._getpid  0x00004a28       0x10 c:/freescale/kds_3.0.0/toolchain/bin/../lib/gcc/arm-none-eabi/4.8.4/../../../../arm-none-eabi/lib/armv6-m\libnosys.a(getpid.o)
                0x00004a28                _getpid
 .text._isatty  0x00004a38       0x10 c:/freescale/kds_3.0.0/toolchain/bin/../lib/gcc/arm-none-eabi/4.8.4/../../../../arm-none-eabi/lib/armv6-m\libnosys.a(isatty.o)
                0x00004a38                _isatty
 .text._kill    0x00004a48       0x10 c:/freescale/kds_3.0.0/toolchain/bin/../lib/gcc/arm-none-eabi/4.8.4/../../../../arm-none-eabi/lib/armv6-m\libnosys.a(kill.o)
                0x00004a48                _kill
 .text._lseek   0x00004a58       0x10 c:/freescale/kds_3.0.0/toolchain/bin/../lib/gcc/arm-none-eabi/4.8.4/../../../../arm-none-eabi/lib/armv6-m\libnosys.a(lseek.o)
                0x00004a58                _lseek
 .text._read    0x00004a68       0x10 c:/freescale/kds_3.0.0/toolchain/bin/../lib/gcc/arm-none-eabi/4.8.4/../../../../arm-none-eabi/lib/armv6-m\libnosys.a(read.o)
                0x00004a68                _read
 .text._sbrk    0x00004a78       0x34 c:/freescale/kds_3.0.0/toolchain/bin/../lib/gcc/arm-none-eabi/4.8.4/../../../../arm-none-eabi/lib/armv6-m\libnosys.a(sbrk.o)
                0x00004a78                _sbrk
 .text._write   0x00004aac       0x10 c:/freescale/kds_3.0.0/toolchain/bin/../lib/gcc/arm-none-eabi/4.8.4/../../../../arm-none-eabi/lib/armv6-m\libnosys.a(write.o)
                0x00004aac                _write
 .text._exit    0x00004abc        0x4 c:/freescale/kds_3.0.0/toolchain/bin/../lib/gcc/arm-none-eabi/4.8.4/../../../../arm-none-eabi/lib/armv6-m\libnosys.a(_exit.o)
                0x00004abc                _exit
 *(.rodata)
 .rodata        0x00004ac0      0x21c ./SDK/platform/system/src/clock/MKL25Z4/fsl_clock_MKL25Z4.o
 .rodata        0x00004cdc       0x38 ./SDK/platform/hal/src/gpio/fsl_gpio_hal.o
 .rodata        0x00004d14      0x144 ./SDK/platform/drivers/src/gpio/fsl_gpio_driver.o
 .rodata        0x00004e58       0x2c ./Generated_Code/osa1.o
 .rodata        0x00004e84       0x58 ./Generated_Code/pin_mux.o
 *(.rodata*)
 .rodata.portGateTable
                0x00004edc        0x8 ./SDK/platform/system/src/clock/MKL25Z4/fsl_clock_MKL25Z4.o
 .rodata.__func__.6559
                0x00004ee4       0x1c ./SDK/platform/system/src/clock/MKL25Z4/fsl_clock_MKL25Z4.o
 .rodata.fllFactorTable.5299
                0x00004f00       0x10 ./SDK/platform/hal/src/mcg/fsl_mcg_hal.o
 .rodata.__func__.5170
                0x00004f10       0x14 ./SDK/platform/hal/src/gpio/fsl_gpio_hal.o
 .rodata.__func__.5176
                0x00004f24       0x18 ./SDK/platform/hal/src/gpio/fsl_gpio_hal.o
 .rodata.g_gpioBase
                0x00004f3c       0x14 ./SDK/platform/drivers/src/gpio/fsl_gpio_common.o
                0x00004f3c                g_gpioBase
 .rodata.g_portBase
                0x00004f50       0x14 ./SDK/platform/drivers/src/gpio/fsl_gpio_common.o
                0x00004f50                g_portBase
 .rodata.g_portIrqId
                0x00004f64        0x8 ./SDK/platform/drivers/src/gpio/fsl_gpio_common.o
                0x00004f64                g_portIrqId
 .rodata.__func__.5089
                0x00004f6c       0x14 ./SDK/platform/drivers/src/gpio/fsl_gpio_driver.o
 .rodata.__func__.5065
                0x00004f80       0x14 ./SDK/platform/drivers/src/gpio/fsl_gpio_driver.o
 .rodata.__func__.5077
                0x00004f94       0x20 ./SDK/platform/drivers/src/gpio/fsl_gpio_driver.o
 .rodata.__func__.5103
                0x00004fb4       0x18 ./SDK/platform/drivers/src/gpio/fsl_gpio_driver.o
 .rodata.__func__.6568
                0x00004fcc       0x14 ./SDK/platform/drivers/src/gpio/fsl_gpio_driver.o
 .rodata.__func__.5071
                0x00004fe0       0x1c ./SDK/platform/drivers/src/gpio/fsl_gpio_driver.o
 .rodata.__func__.5083
                0x00004ffc       0x20 ./SDK/platform/drivers/src/gpio/fsl_gpio_driver.o
 .rodata.__func__.5167
                0x0000501c       0x18 ./SDK/platform/drivers/src/gpio/fsl_gpio_driver.o
 .rodata.__func__.5172
                0x00005034       0x18 ./SDK/platform/drivers/src/gpio/fsl_gpio_driver.o
 .rodata.__func__.5177
                0x0000504c       0x1c ./SDK/platform/drivers/src/gpio/fsl_gpio_driver.o
 .rodata.__func__.5201
                0x00005068       0x18 ./SDK/platform/drivers/src/gpio/fsl_gpio_driver.o
 .rodata.gpio1_OutConfig0
                0x00005080       0xa8 ./Generated_Code/LCD.o
                0x00005080                gpio1_OutConfig0
 .rodata.LED    0x00005128       0x30 ./Generated_Code/LED.o
                0x00005128                LED
 .rodata.__func__.6942
                0x00005158       0x10 ./Generated_Code/osa1.o
 .rodata.__func__.5083
                0x00005168       0x20 ./Generated_Code/pin_mux.o
 .rodata.__func__.5089
                0x00005188       0x14 ./Generated_Code/pin_mux.o
 .rodata.str1.1
                0x0000519c       0x3c c:/freescale/kds_3.0.0/toolchain/bin/../lib/gcc/arm-none-eabi/4.8.4/../../../../arm-none-eabi/lib/armv6-m\libg_s.a(lib_a-assert.o)
                                 0x3d (size before relaxing)
 .rodata.str1.1
                0x000051d8        0x2 c:/freescale/kds_3.0.0/toolchain/bin/../lib/gcc/arm-none-eabi/4.8.4/../../../../arm-none-eabi/lib/armv6-m\libg_s.a(lib_a-impure.o)
 *fill*         0x000051da        0x2 
 .rodata._global_impure_ptr
                0x000051dc        0x4 c:/freescale/kds_3.0.0/toolchain/bin/../lib/gcc/arm-none-eabi/4.8.4/../../../../arm-none-eabi/lib/armv6-m\libg_s.a(lib_a-impure.o)
                0x000051dc                _global_impure_ptr
 .rodata.str1.1
                0x000051e0       0x11 c:/freescale/kds_3.0.0/toolchain/bin/../lib/gcc/arm-none-eabi/4.8.4/../../../../arm-none-eabi/lib/armv6-m\libg_s.a(lib_a-vfprintf.o)
 .rodata.str1.1
                0x000051f1       0x22 c:/freescale/kds_3.0.0/toolchain/bin/../lib/gcc/arm-none-eabi/4.8.4/../../../../arm-none-eabi/lib/armv6-m\libg_s.a(lib_a-vfprintf_i.o)
 *fill*         0x00005213        0x1 
 .rodata.__sf_fake_stdin
                0x00005214       0x20 c:/freescale/kds_3.0.0/toolchain/bin/../lib/gcc/arm-none-eabi/4.8.4/../../../../arm-none-eabi/lib/armv6-m\libg_s.a(lib_a-findfp.o)
                0x00005214                __sf_fake_stdin
 .rodata.__sf_fake_stdout
                0x00005234       0x20 c:/freescale/kds_3.0.0/toolchain/bin/../lib/gcc/arm-none-eabi/4.8.4/../../../../arm-none-eabi/lib/armv6-m\libg_s.a(lib_a-findfp.o)
                0x00005234                __sf_fake_stdout
 .rodata.__sf_fake_stderr
                0x00005254       0x20 c:/freescale/kds_3.0.0/toolchain/bin/../lib/gcc/arm-none-eabi/4.8.4/../../../../arm-none-eabi/lib/armv6-m\libg_s.a(lib_a-findfp.o)
                0x00005254                __sf_fake_stderr
 *(.glue_7)
 .glue_7        0x00000000        0x0 linker stubs
 *(.glue_7t)
 .glue_7t       0x00000000        0x0 linker stubs
 *(.eh_frame)
 .eh_frame      0x00005274        0x0 c:/freescale/kds_3.0.0/toolchain/bin/../lib/gcc/arm-none-eabi/4.8.4/armv6-m/crtbegin.o
 *(.init)
 .init          0x00005274        0x4 c:/freescale/kds_3.0.0/toolchain/bin/../lib/gcc/arm-none-eabi/4.8.4/armv6-m/crti.o
                0x00005274                _init
 .init          0x00005278        0x8 c:/freescale/kds_3.0.0/toolchain/bin/../lib/gcc/arm-none-eabi/4.8.4/armv6-m/crtn.o
 *(.fini)
 .fini          0x00005280        0x4 c:/freescale/kds_3.0.0/toolchain/bin/../lib/gcc/arm-none-eabi/4.8.4/armv6-m/crti.o
                0x00005280                _fini
 .fini          0x00005284        0x8 c:/freescale/kds_3.0.0/toolchain/bin/../lib/gcc/arm-none-eabi/4.8.4/armv6-m/crtn.o
                0x0000528c                . = ALIGN (0x4)

.vfp11_veneer   0x0000528c        0x0
 .vfp11_veneer  0x00000000        0x0 linker stubs

.v4_bx          0x0000528c        0x0
 .v4_bx         0x00000000        0x0 linker stubs

.iplt           0x0000528c        0x0
 .iplt          0x00000000        0x0 c:/freescale/kds_3.0.0/toolchain/bin/../lib/gcc/arm-none-eabi/4.8.4/armv6-m/crtbegin.o

.ARM.extab
 *(.ARM.extab* .gnu.linkonce.armextab.*)

.ARM            0x0000528c        0x8
                0x0000528c                __exidx_start = .
 *(.ARM.exidx*)
 .ARM.exidx     0x0000528c        0x8 c:/freescale/kds_3.0.0/toolchain/bin/../lib/gcc/arm-none-eabi/4.8.4/../../../../arm-none-eabi/lib/armv6-m/crt0.o
 .ARM.exidx     0x00005294        0x0 c:/freescale/kds_3.0.0/toolchain/bin/../lib/gcc/arm-none-eabi/4.8.4/armv6-m\libgcc.a(_divdi3.o)
                                  0x8 (size before relaxing)
 .ARM.exidx     0x00005294        0x0 c:/freescale/kds_3.0.0/toolchain/bin/../lib/gcc/arm-none-eabi/4.8.4/armv6-m\libgcc.a(_udivdi3.o)
                                  0x8 (size before relaxing)
                0x00005294                __exidx_end = .

.rel.dyn        0x00005294        0x0
 .rel.iplt      0x00000000        0x0 c:/freescale/kds_3.0.0/toolchain/bin/../lib/gcc/arm-none-eabi/4.8.4/armv6-m/crtbegin.o

.ctors          0x00005294        0x0
                0x00005294                __CTOR_LIST__ = .
 *crtbegin.o(.ctors)
 *crtbegin?.o(.ctors)
 *(EXCLUDE_FILE(*crtend.o *crtend?.o) .ctors)
 *(SORT(.ctors.*))
 *(.ctors)
                0x00005294                __CTOR_END__ = .

.dtors          0x00005294        0x0
                0x00005294                __DTOR_LIST__ = .
 *crtbegin.o(.dtors)
 *crtbegin?.o(.dtors)
 *(EXCLUDE_FILE(*crtend.o *crtend?.o) .dtors)
 *(SORT(.dtors.*))
 *(.dtors)
                0x00005294                __DTOR_END__ = .

.preinit_array  0x00005294        0x0
                0x00005294                PROVIDE (__preinit_array_start, .)
 *(.preinit_array*)
                0x00005294                PROVIDE (__preinit_array_end, .)

.init_array     0x00005294        0x4
                0x00005294                PROVIDE (__init_array_start, .)
 *(SORT(.init_array.*))
 *(.init_array*)
 .init_array    0x00005294        0x4 c:/freescale/kds_3.0.0/toolchain/bin/../lib/gcc/arm-none-eabi/4.8.4/armv6-m/crtbegin.o
                0x00005298                PROVIDE (__init_array_end, .)

.fini_array     0x00005298        0x4
                0x00005298                PROVIDE (__fini_array_start, .)
 *(SORT(.fini_array.*))
 *(.fini_array*)
 .fini_array    0x00005298        0x4 c:/freescale/kds_3.0.0/toolchain/bin/../lib/gcc/arm-none-eabi/4.8.4/armv6-m/crtbegin.o
                0x0000529c                PROVIDE (__fini_array_end, .)
                0x0000529c                __etext = .
                0x0000529c                __DATA_ROM = .

.mtb            0x1ffff200        0x0
                0x1ffff200                . = ALIGN (0x8)
                0x1ffff200                _mtb_start = .
 *(.mtb_buf)
                0x1ffff200                . = ALIGN (0x8)
                0x1ffff200                _mtb_end = .

.data           0x1ffff200      0x57c load address 0x0000529c
                0x1ffff200                . = ALIGN (0x4)
                0x1ffff200                __DATA_RAM = .
                0x1ffff200                __data_start__ = .
 *(.data)
 *(.data*)
 .data.font     0x1ffff200      0x500 ./Sources/ILI9325.o
 .data.textsize
                0x1ffff700        0x1 ./Sources/ILI9325.o
                0x1ffff700                textsize
 *fill*         0x1ffff701        0x1 
 .data.textcolor
                0x1ffff702        0x2 ./Sources/ILI9325.o
                0x1ffff702                textcolor
 .data.textbgcolor
                0x1ffff704        0x2 ./Sources/ILI9325.o
                0x1ffff704                textbgcolor
 .data.wrap     0x1ffff706        0x1 ./Sources/ILI9325.o
                0x1ffff706                wrap
 *fill*         0x1ffff707        0x1 
 .data.g_fastInternalRefClkFreq
                0x1ffff708        0x4 ./SDK/platform/hal/src/mcg/fsl_mcg_hal.o
                0x1ffff708                g_fastInternalRefClkFreq
 .data.g_slowInternalRefClkFreq
                0x1ffff70c        0x4 ./SDK/platform/hal/src/mcg/fsl_mcg_hal.o
                0x1ffff70c                g_slowInternalRefClkFreq
 .data.SystemCoreClock
                0x1ffff710        0x4 ./SDK/platform/devices/MKL25Z4/startup/system_MKL25Z4.o
                0x1ffff710                SystemCoreClock
 .data.impure_data
                0x1ffff714       0x60 c:/freescale/kds_3.0.0/toolchain/bin/../lib/gcc/arm-none-eabi/4.8.4/../../../../arm-none-eabi/lib/armv6-m\libg_s.a(lib_a-impure.o)
 .data._impure_ptr
                0x1ffff774        0x4 c:/freescale/kds_3.0.0/toolchain/bin/../lib/gcc/arm-none-eabi/4.8.4/../../../../arm-none-eabi/lib/armv6-m\libg_s.a(lib_a-impure.o)
                0x1ffff774                _impure_ptr
 *(.jcr*)
 .jcr           0x1ffff778        0x0 c:/freescale/kds_3.0.0/toolchain/bin/../lib/gcc/arm-none-eabi/4.8.4/armv6-m/crtbegin.o
 .jcr           0x1ffff778        0x4 c:/freescale/kds_3.0.0/toolchain/bin/../lib/gcc/arm-none-eabi/4.8.4/armv6-m/crtend.o
                0x1ffff77c                . = ALIGN (0x4)
                0x1ffff77c                __data_end__ = .
                0x00005818                __DATA_END = (__DATA_ROM + (__data_end__ - __data_start__))
                0x00005818                __m_interrupts_ram_ROMStart = (__DATA_ROM + SIZEOF (.data))

.igot.plt       0x1ffff77c        0x0 load address 0x00005818
 .igot.plt      0x00000000        0x0 c:/freescale/kds_3.0.0/toolchain/bin/../lib/gcc/arm-none-eabi/4.8.4/armv6-m/crtbegin.o

.m_interrupts_ram
                0x1ffff000      0x200 load address 0x00005818
                0x1ffff000                . = ALIGN (0x4)
                0x1ffff000                __m_interrupts_ram_RAMStart = .
 *(.m_interrupts_ram)
                0x1ffff200                . = (. + 0x200)
 *fill*         0x1ffff000      0x200 
                0x1ffff200                __m_interrupts_ram_RAMEnd = .
                0x1ffff200                . = ALIGN (0x4)
                0x00000200                __m_interrupts_ram_ROMSize = (__m_interrupts_ram_RAMEnd - __m_interrupts_ram_RAMStart)
                0x00000200                __RAM_VECTOR_TABLE_SIZE_BYTES = (__m_interrupts_ram_RAMEnd - __m_interrupts_ram_RAMStart)

.bss            0x1ffff77c       0xac load address 0x00005818
                0x1ffff77c                . = ALIGN (0x4)
                0x1ffff77c                __START_BSS = .
                0x1ffff77c                __bss_start__ = .
 *(.bss)
 .bss           0x1ffff77c       0x1c c:/freescale/kds_3.0.0/toolchain/bin/../lib/gcc/arm-none-eabi/4.8.4/armv6-m/crtbegin.o
 *(.bss*)
 .bss.driver    0x1ffff798        0x1 ./Sources/ILI9325.o
                0x1ffff798                driver
 .bss.rotation  0x1ffff799        0x1 ./Sources/ILI9325.o
                0x1ffff799                rotation
 .bss.cursor_x  0x1ffff79a        0x2 ./Sources/ILI9325.o
                0x1ffff79a                cursor_x
 .bss.cursor_y  0x1ffff79c        0x2 ./Sources/ILI9325.o
                0x1ffff79c                cursor_y
 .bss._width    0x1ffff79e        0x2 ./Sources/ILI9325.o
                0x1ffff79e                _width
 .bss._height   0x1ffff7a0        0x2 ./Sources/ILI9325.o
                0x1ffff7a0                _height
 *fill*         0x1ffff7a2        0x2 
 .bss.g_curTask
                0x1ffff7a4        0x4 ./SDK/platform/osa/src/fsl_os_abstraction_bm.o
 .bss.g_taskControlBlockPool
                0x1ffff7a8       0x50 ./SDK/platform/osa/src/fsl_os_abstraction_bm.o
 .bss.g_freeTaskControlBlock
                0x1ffff7f8        0x4 ./SDK/platform/osa/src/fsl_os_abstraction_bm.o
 .bss.g_taskListHead
                0x1ffff7fc       0x10 ./SDK/platform/osa/src/fsl_os_abstraction_bm.o
 .bss.SwTimerIsrCounter
                0x1ffff80c        0x2 ./Generated_Code/osa1.o
 *fill*         0x1ffff80e        0x2 
 .bss.__malloc_sbrk_start
                0x1ffff810        0x4 c:/freescale/kds_3.0.0/toolchain/bin/../lib/gcc/arm-none-eabi/4.8.4/../../../../arm-none-eabi/lib/armv6-m\libg_s.a(lib_a-nano-mallocr.o)
                0x1ffff810                __malloc_sbrk_start
 .bss.__malloc_free_list
                0x1ffff814        0x4 c:/freescale/kds_3.0.0/toolchain/bin/../lib/gcc/arm-none-eabi/4.8.4/../../../../arm-none-eabi/lib/armv6-m\libg_s.a(lib_a-nano-mallocr.o)
                0x1ffff814                __malloc_free_list
 .bss.heap_end.4246
                0x1ffff818        0x4 c:/freescale/kds_3.0.0/toolchain/bin/../lib/gcc/arm-none-eabi/4.8.4/../../../../arm-none-eabi/lib/armv6-m\libnosys.a(sbrk.o)
 *(COMMON)
 COMMON         0x1ffff81c        0x8 ./SDK/platform/hal/src/mcg/fsl_mcg_hal.o
                0x1ffff81c                g_xtal0ClkFreq
                0x1ffff820                g_xtalRtcClkFreq
 COMMON         0x1ffff824        0x4 c:/freescale/kds_3.0.0/toolchain/bin/../lib/gcc/arm-none-eabi/4.8.4/../../../../arm-none-eabi/lib/armv6-m\libg_s.a(lib_a-reent.o)
                0x1ffff824                errno
                0x1ffff828                . = ALIGN (0x4)
                0x1ffff828                __bss_end__ = .
                0x1ffff828                __END_BSS = .

.heap           0x1ffff828        0x0
                0x1ffff828                . = ALIGN (0x8)
                0x1ffff828                __end__ = .
                0x1ffff828                PROVIDE (end, .)
                0x1ffff828                __HeapBase = .
                0x1ffff828                . = (. + HEAP_SIZE)
                0x1ffff828                __HeapLimit = .

.stack          0x1ffff828      0x400 load address 0x000058c4
                0x1ffff828                . = ALIGN (0x8)
                0x1ffffc28                . = (. + STACK_SIZE)
 *fill*         0x1ffff828      0x400 
                0x20003000                __StackTop = (ORIGIN (m_data) + 0x3e00)
                0x20002c00                __StackLimit = (__StackTop - STACK_SIZE)
                0x20003000                PROVIDE (__stack, __StackTop)

.ARM.attributes
                0x00000000       0x28
 *(.ARM.attributes)
 .ARM.attributes
                0x00000000       0x1e c:/freescale/kds_3.0.0/toolchain/bin/../lib/gcc/arm-none-eabi/4.8.4/armv6-m/crti.o
 .ARM.attributes
                0x0000001e       0x2c c:/freescale/kds_3.0.0/toolchain/bin/../lib/gcc/arm-none-eabi/4.8.4/armv6-m/crtbegin.o
 .ARM.attributes
                0x0000004a       0x1b c:/freescale/kds_3.0.0/toolchain/bin/../lib/gcc/arm-none-eabi/4.8.4/../../../../arm-none-eabi/lib/armv6-m/crt0.o
 .ARM.attributes
                0x00000065       0x32 ./Static_Code/System/PE_low_level_init.o
 .ARM.attributes
                0x00000097       0x32 ./Sources/Application.o
 .ARM.attributes
                0x000000c9       0x32 ./Sources/ILI9325.o
 .ARM.attributes
                0x000000fb       0x32 ./Sources/main.o
 .ARM.attributes
                0x0000012d       0x32 ./SDK/platform/system/src/clock/MKL25Z4/fsl_clock_MKL25Z4.o
 .ARM.attributes
                0x0000015f       0x32 ./SDK/platform/system/src/clock/fsl_clock_manager.o
 .ARM.attributes
                0x00000191       0x32 ./SDK/platform/osa/src/fsl_os_abstraction_bm.o
 .ARM.attributes
                0x000001c3       0x32 ./SDK/platform/hal/src/mcg/fsl_mcg_hal.o
 .ARM.attributes
                0x000001f5       0x32 ./SDK/platform/hal/src/gpio/fsl_gpio_hal.o
 .ARM.attributes
                0x00000227       0x32 ./SDK/platform/drivers/src/gpio/fsl_gpio_common.o
 .ARM.attributes
                0x00000259       0x32 ./SDK/platform/drivers/src/gpio/fsl_gpio_driver.o
 .ARM.attributes
                0x0000028b       0x1b ./SDK/platform/devices/MKL25Z4/startup/gcc/startup_MKL25Z4.o
 .ARM.attributes
                0x000002a6       0x32 ./SDK/platform/devices/MKL25Z4/startup/system_MKL25Z4.o
 .ARM.attributes
                0x000002d8       0x32 ./SDK/platform/devices/startup.o
 .ARM.attributes
                0x0000030a       0x32 ./Generated_Code/Cpu.o
 .ARM.attributes
                0x0000033c       0x32 ./Generated_Code/LCD.o
 .ARM.attributes
                0x0000036e       0x32 ./Generated_Code/LED.o
 .ARM.attributes
                0x000003a0       0x32 ./Generated_Code/WAIT1.o
 .ARM.attributes
                0x000003d2       0x32 ./Generated_Code/hardware_init.o
 .ARM.attributes
                0x00000404       0x32 ./Generated_Code/osa1.o
 .ARM.attributes
                0x00000436       0x32 ./Generated_Code/pin_mux.o
 .ARM.attributes
                0x00000468       0x1e c:/freescale/kds_3.0.0/toolchain/bin/../lib/gcc/arm-none-eabi/4.8.4/armv6-m\libgcc.a(_udivsi3.o)
 .ARM.attributes
                0x00000486       0x1e c:/freescale/kds_3.0.0/toolchain/bin/../lib/gcc/arm-none-eabi/4.8.4/armv6-m\libgcc.a(_dvmd_tls.o)
 .ARM.attributes
                0x000004a4       0x1e c:/freescale/kds_3.0.0/toolchain/bin/../lib/gcc/arm-none-eabi/4.8.4/armv6-m\libgcc.a(_aeabi_uldivmod.o)
 .ARM.attributes
                0x000004c2       0x2c c:/freescale/kds_3.0.0/toolchain/bin/../lib/gcc/arm-none-eabi/4.8.4/armv6-m\libgcc.a(_muldi3.o)
 .ARM.attributes
                0x000004ee       0x2c c:/freescale/kds_3.0.0/toolchain/bin/../lib/gcc/arm-none-eabi/4.8.4/armv6-m\libgcc.a(bpabi.o)
 .ARM.attributes
                0x0000051a       0x2c c:/freescale/kds_3.0.0/toolchain/bin/../lib/gcc/arm-none-eabi/4.8.4/armv6-m\libgcc.a(_divdi3.o)
 .ARM.attributes
                0x00000546       0x2c c:/freescale/kds_3.0.0/toolchain/bin/../lib/gcc/arm-none-eabi/4.8.4/armv6-m\libgcc.a(_udivdi3.o)
 .ARM.attributes
                0x00000572       0x1e c:/freescale/kds_3.0.0/toolchain/bin/../lib/gcc/arm-none-eabi/4.8.4/armv6-m\libgcc.a(_clzsi2.o)
 .ARM.attributes
                0x00000590       0x2c c:/freescale/kds_3.0.0/toolchain/bin/../lib/gcc/arm-none-eabi/4.8.4/../../../../arm-none-eabi/lib/armv6-m\libg_s.a(lib_a-assert.o)
 .ARM.attributes
                0x000005bc       0x2c c:/freescale/kds_3.0.0/toolchain/bin/../lib/gcc/arm-none-eabi/4.8.4/../../../../arm-none-eabi/lib/armv6-m\libg_s.a(lib_a-exit.o)
 .ARM.attributes
                0x000005e8       0x2c c:/freescale/kds_3.0.0/toolchain/bin/../lib/gcc/arm-none-eabi/4.8.4/../../../../arm-none-eabi/lib/armv6-m\libg_s.a(lib_a-fprintf.o)
 .ARM.attributes
                0x00000614       0x2c c:/freescale/kds_3.0.0/toolchain/bin/../lib/gcc/arm-none-eabi/4.8.4/../../../../arm-none-eabi/lib/armv6-m\libg_s.a(lib_a-impure.o)
 .ARM.attributes
                0x00000640       0x2c c:/freescale/kds_3.0.0/toolchain/bin/../lib/gcc/arm-none-eabi/4.8.4/../../../../arm-none-eabi/lib/armv6-m\libg_s.a(lib_a-init.o)
 .ARM.attributes
                0x0000066c       0x2c c:/freescale/kds_3.0.0/toolchain/bin/../lib/gcc/arm-none-eabi/4.8.4/../../../../arm-none-eabi/lib/armv6-m\libg_s.a(lib_a-memset.o)
 .ARM.attributes
                0x00000698       0x2c c:/freescale/kds_3.0.0/toolchain/bin/../lib/gcc/arm-none-eabi/4.8.4/../../../../arm-none-eabi/lib/armv6-m\libg_s.a(lib_a-nano-freer.o)
 .ARM.attributes
                0x000006c4       0x2c c:/freescale/kds_3.0.0/toolchain/bin/../lib/gcc/arm-none-eabi/4.8.4/../../../../arm-none-eabi/lib/armv6-m\libg_s.a(lib_a-nano-mallocr.o)
 .ARM.attributes
                0x000006f0       0x2c c:/freescale/kds_3.0.0/toolchain/bin/../lib/gcc/arm-none-eabi/4.8.4/../../../../arm-none-eabi/lib/armv6-m\libg_s.a(lib_a-sbrkr.o)
 .ARM.attributes
                0x0000071c       0x2c c:/freescale/kds_3.0.0/toolchain/bin/../lib/gcc/arm-none-eabi/4.8.4/../../../../arm-none-eabi/lib/armv6-m\libg_s.a(lib_a-strlen.o)
 .ARM.attributes
                0x00000748       0x2c c:/freescale/kds_3.0.0/toolchain/bin/../lib/gcc/arm-none-eabi/4.8.4/../../../../arm-none-eabi/lib/armv6-m\libg_s.a(lib_a-vfprintf.o)
 .ARM.attributes
                0x00000774       0x2c c:/freescale/kds_3.0.0/toolchain/bin/../lib/gcc/arm-none-eabi/4.8.4/../../../../arm-none-eabi/lib/armv6-m\libg_s.a(lib_a-vfprintf_i.o)
 .ARM.attributes
                0x000007a0       0x2c c:/freescale/kds_3.0.0/toolchain/bin/../lib/gcc/arm-none-eabi/4.8.4/../../../../arm-none-eabi/lib/armv6-m\libg_s.a(lib_a-wbuf.o)
 .ARM.attributes
                0x000007cc       0x2c c:/freescale/kds_3.0.0/toolchain/bin/../lib/gcc/arm-none-eabi/4.8.4/../../../../arm-none-eabi/lib/armv6-m\libg_s.a(lib_a-wsetup.o)
 .ARM.attributes
                0x000007f8       0x2c c:/freescale/kds_3.0.0/toolchain/bin/../lib/gcc/arm-none-eabi/4.8.4/../../../../arm-none-eabi/lib/armv6-m\libg_s.a(lib_a-abort.o)
 .ARM.attributes
                0x00000824       0x2c c:/freescale/kds_3.0.0/toolchain/bin/../lib/gcc/arm-none-eabi/4.8.4/../../../../arm-none-eabi/lib/armv6-m\libg_s.a(lib_a-fflush.o)
 .ARM.attributes
                0x00000850       0x2c c:/freescale/kds_3.0.0/toolchain/bin/../lib/gcc/arm-none-eabi/4.8.4/../../../../arm-none-eabi/lib/armv6-m\libg_s.a(lib_a-findfp.o)
 .ARM.attributes
                0x0000087c       0x2c c:/freescale/kds_3.0.0/toolchain/bin/../lib/gcc/arm-none-eabi/4.8.4/../../../../arm-none-eabi/lib/armv6-m\libg_s.a(lib_a-makebuf.o)
 .ARM.attributes
                0x000008a8       0x2c c:/freescale/kds_3.0.0/toolchain/bin/../lib/gcc/arm-none-eabi/4.8.4/../../../../arm-none-eabi/lib/armv6-m\libg_s.a(lib_a-memchr-stub.o)
 .ARM.attributes
                0x000008d4       0x2c c:/freescale/kds_3.0.0/toolchain/bin/../lib/gcc/arm-none-eabi/4.8.4/../../../../arm-none-eabi/lib/armv6-m\libg_s.a(lib_a-reent.o)
 .ARM.attributes
                0x00000900       0x2c c:/freescale/kds_3.0.0/toolchain/bin/../lib/gcc/arm-none-eabi/4.8.4/../../../../arm-none-eabi/lib/armv6-m\libg_s.a(lib_a-signal.o)
 .ARM.attributes
                0x0000092c       0x2c c:/freescale/kds_3.0.0/toolchain/bin/../lib/gcc/arm-none-eabi/4.8.4/../../../../arm-none-eabi/lib/armv6-m\libg_s.a(lib_a-signalr.o)
 .ARM.attributes
                0x00000958       0x2c c:/freescale/kds_3.0.0/toolchain/bin/../lib/gcc/arm-none-eabi/4.8.4/../../../../arm-none-eabi/lib/armv6-m\libg_s.a(lib_a-stdio.o)
 .ARM.attributes
                0x00000984       0x2c c:/freescale/kds_3.0.0/toolchain/bin/../lib/gcc/arm-none-eabi/4.8.4/../../../../arm-none-eabi/lib/armv6-m\libg_s.a(lib_a-writer.o)
 .ARM.attributes
                0x000009b0       0x2c c:/freescale/kds_3.0.0/toolchain/bin/../lib/gcc/arm-none-eabi/4.8.4/../../../../arm-none-eabi/lib/armv6-m\libg_s.a(lib_a-closer.o)
 .ARM.attributes
                0x000009dc       0x2c c:/freescale/kds_3.0.0/toolchain/bin/../lib/gcc/arm-none-eabi/4.8.4/../../../../arm-none-eabi/lib/armv6-m\libg_s.a(lib_a-fstatr.o)
 .ARM.attributes
                0x00000a08       0x2c c:/freescale/kds_3.0.0/toolchain/bin/../lib/gcc/arm-none-eabi/4.8.4/../../../../arm-none-eabi/lib/armv6-m\libg_s.a(lib_a-isattyr.o)
 .ARM.attributes
                0x00000a34       0x2c c:/freescale/kds_3.0.0/toolchain/bin/../lib/gcc/arm-none-eabi/4.8.4/../../../../arm-none-eabi/lib/armv6-m\libg_s.a(lib_a-lseekr.o)
 .ARM.attributes
                0x00000a60       0x2c c:/freescale/kds_3.0.0/toolchain/bin/../lib/gcc/arm-none-eabi/4.8.4/../../../../arm-none-eabi/lib/armv6-m\libg_s.a(lib_a-readr.o)
 .ARM.attributes
                0x00000a8c       0x2c c:/freescale/kds_3.0.0/toolchain/bin/../lib/gcc/arm-none-eabi/4.8.4/../../../../arm-none-eabi/lib/armv6-m\libnosys.a(close.o)
 .ARM.attributes
                0x00000ab8       0x2c c:/freescale/kds_3.0.0/toolchain/bin/../lib/gcc/arm-none-eabi/4.8.4/../../../../arm-none-eabi/lib/armv6-m\libnosys.a(fstat.o)
 .ARM.attributes
                0x00000ae4       0x2c c:/freescale/kds_3.0.0/toolchain/bin/../lib/gcc/arm-none-eabi/4.8.4/../../../../arm-none-eabi/lib/armv6-m\libnosys.a(getpid.o)
 .ARM.attributes
                0x00000b10       0x2c c:/freescale/kds_3.0.0/toolchain/bin/../lib/gcc/arm-none-eabi/4.8.4/../../../../arm-none-eabi/lib/armv6-m\libnosys.a(isatty.o)
 .ARM.attributes
                0x00000b3c       0x2c c:/freescale/kds_3.0.0/toolchain/bin/../lib/gcc/arm-none-eabi/4.8.4/../../../../arm-none-eabi/lib/armv6-m\libnosys.a(kill.o)
 .ARM.attributes
                0x00000b68       0x2c c:/freescale/kds_3.0.0/toolchain/bin/../lib/gcc/arm-none-eabi/4.8.4/../../../../arm-none-eabi/lib/armv6-m\libnosys.a(lseek.o)
 .ARM.attributes
                0x00000b94       0x2c c:/freescale/kds_3.0.0/toolchain/bin/../lib/gcc/arm-none-eabi/4.8.4/../../../../arm-none-eabi/lib/armv6-m\libnosys.a(read.o)
 .ARM.attributes
                0x00000bc0       0x2c c:/freescale/kds_3.0.0/toolchain/bin/../lib/gcc/arm-none-eabi/4.8.4/../../../../arm-none-eabi/lib/armv6-m\libnosys.a(sbrk.o)
 .ARM.attributes
                0x00000bec       0x2c c:/freescale/kds_3.0.0/toolchain/bin/../lib/gcc/arm-none-eabi/4.8.4/../../../../arm-none-eabi/lib/armv6-m\libnosys.a(write.o)
 .ARM.attributes
                0x00000c18       0x2c c:/freescale/kds_3.0.0/toolchain/bin/../lib/gcc/arm-none-eabi/4.8.4/../../../../arm-none-eabi/lib/armv6-m\libnosys.a(_exit.o)
 .ARM.attributes
                0x00000c44       0x2c c:/freescale/kds_3.0.0/toolchain/bin/../lib/gcc/arm-none-eabi/4.8.4/armv6-m/crtend.o
 .ARM.attributes
                0x00000c70       0x1e c:/freescale/kds_3.0.0/toolchain/bin/../lib/gcc/arm-none-eabi/4.8.4/armv6-m/crtn.o
OUTPUT(FDRM_KL25Z_LCD1.elf elf32-littlearm)

.debug_info     0x00000000     0x883c
 .debug_info    0x00000000       0xf3 ./Static_Code/System/PE_low_level_init.o
 .debug_info    0x000000f3      0x1db ./Sources/Application.o
 .debug_info    0x000002ce      0xa3d ./Sources/ILI9325.o
 .debug_info    0x00000d0b       0xf8 ./Sources/main.o
 .debug_info    0x00000e03     0x17ed ./SDK/platform/system/src/clock/MKL25Z4/fsl_clock_MKL25Z4.o
 .debug_info    0x000025f0     0x1534 ./SDK/platform/system/src/clock/fsl_clock_manager.o
 .debug_info    0x00003b24      0xf18 ./SDK/platform/osa/src/fsl_os_abstraction_bm.o
 .debug_info    0x00004a3c      0xb9f ./SDK/platform/hal/src/mcg/fsl_mcg_hal.o
 .debug_info    0x000055db      0x2f0 ./SDK/platform/hal/src/gpio/fsl_gpio_hal.o
 .debug_info    0x000058cb      0x397 ./SDK/platform/drivers/src/gpio/fsl_gpio_common.o
 .debug_info    0x00005c62      0xe6a ./SDK/platform/drivers/src/gpio/fsl_gpio_driver.o
 .debug_info    0x00006acc       0x92 ./SDK/platform/devices/MKL25Z4/startup/gcc/startup_MKL25Z4.o
 .debug_info    0x00006b5e      0x6bc ./SDK/platform/devices/MKL25Z4/startup/system_MKL25Z4.o
 .debug_info    0x0000721a      0x296 ./SDK/platform/devices/startup.o
 .debug_info    0x000074b0      0x1c1 ./Generated_Code/Cpu.o
 .debug_info    0x00007671      0x207 ./Generated_Code/LCD.o
 .debug_info    0x00007878      0x1c5 ./Generated_Code/LED.o
 .debug_info    0x00007a3d      0x18d ./Generated_Code/WAIT1.o
 .debug_info    0x00007bca      0x3cf ./Generated_Code/hardware_init.o
 .debug_info    0x00007f99      0x4fc ./Generated_Code/osa1.o
 .debug_info    0x00008495      0x3a7 ./Generated_Code/pin_mux.o

.debug_abbrev   0x00000000     0x1aba
 .debug_abbrev  0x00000000       0x75 ./Static_Code/System/PE_low_level_init.o
 .debug_abbrev  0x00000075       0xdd ./Sources/Application.o
 .debug_abbrev  0x00000152      0x1c0 ./Sources/ILI9325.o
 .debug_abbrev  0x00000312       0x8f ./Sources/main.o
 .debug_abbrev  0x000003a1      0x2df ./SDK/platform/system/src/clock/MKL25Z4/fsl_clock_MKL25Z4.o
 .debug_abbrev  0x00000680      0x2a0 ./SDK/platform/system/src/clock/fsl_clock_manager.o
 .debug_abbrev  0x00000920      0x21f ./SDK/platform/osa/src/fsl_os_abstraction_bm.o
 .debug_abbrev  0x00000b3f      0x22c ./SDK/platform/hal/src/mcg/fsl_mcg_hal.o
 .debug_abbrev  0x00000d6b      0x11b ./SDK/platform/hal/src/gpio/fsl_gpio_hal.o
 .debug_abbrev  0x00000e86       0xc0 ./SDK/platform/drivers/src/gpio/fsl_gpio_common.o
 .debug_abbrev  0x00000f46      0x27a ./SDK/platform/drivers/src/gpio/fsl_gpio_driver.o
 .debug_abbrev  0x000011c0       0x14 ./SDK/platform/devices/MKL25Z4/startup/gcc/startup_MKL25Z4.o
 .debug_abbrev  0x000011d4      0x121 ./SDK/platform/devices/MKL25Z4/startup/system_MKL25Z4.o
 .debug_abbrev  0x000012f5       0xe9 ./SDK/platform/devices/startup.o
 .debug_abbrev  0x000013de       0xc8 ./Generated_Code/Cpu.o
 .debug_abbrev  0x000014a6       0xa7 ./Generated_Code/LCD.o
 .debug_abbrev  0x0000154d       0xa7 ./Generated_Code/LED.o
 .debug_abbrev  0x000015f4       0xbc ./Generated_Code/WAIT1.o
 .debug_abbrev  0x000016b0      0x10c ./Generated_Code/hardware_init.o
 .debug_abbrev  0x000017bc      0x1c7 ./Generated_Code/osa1.o
 .debug_abbrev  0x00001983      0x137 ./Generated_Code/pin_mux.o

.debug_aranges  0x00000000      0x9e0
 .debug_aranges
                0x00000000       0x28 ./Static_Code/System/PE_low_level_init.o
 .debug_aranges
                0x00000028       0x20 ./Sources/Application.o
 .debug_aranges
                0x00000048      0x108 ./Sources/ILI9325.o
 .debug_aranges
                0x00000150       0x20 ./Sources/main.o
 .debug_aranges
                0x00000170      0x218 ./SDK/platform/system/src/clock/MKL25Z4/fsl_clock_MKL25Z4.o
 .debug_aranges
                0x00000388      0x128 ./SDK/platform/system/src/clock/fsl_clock_manager.o
 .debug_aranges
                0x000004b0      0x148 ./SDK/platform/osa/src/fsl_os_abstraction_bm.o
 .debug_aranges
                0x000005f8       0xd8 ./SDK/platform/hal/src/mcg/fsl_mcg_hal.o
 .debug_aranges
                0x000006d0       0x38 ./SDK/platform/hal/src/gpio/fsl_gpio_hal.o
 .debug_aranges
                0x00000708       0x18 ./SDK/platform/drivers/src/gpio/fsl_gpio_common.o
 .debug_aranges
                0x00000720       0xf0 ./SDK/platform/drivers/src/gpio/fsl_gpio_driver.o
 .debug_aranges
                0x00000810       0x20 ./SDK/platform/devices/MKL25Z4/startup/gcc/startup_MKL25Z4.o
 .debug_aranges
                0x00000830       0x28 ./SDK/platform/devices/MKL25Z4/startup/system_MKL25Z4.o
 .debug_aranges
                0x00000858       0x20 ./SDK/platform/devices/startup.o
 .debug_aranges
                0x00000878       0x20 ./Generated_Code/Cpu.o
 .debug_aranges
                0x00000898       0x18 ./Generated_Code/LCD.o
 .debug_aranges
                0x000008b0       0x18 ./Generated_Code/LED.o
 .debug_aranges
                0x000008c8       0x40 ./Generated_Code/WAIT1.o
 .debug_aranges
                0x00000908       0x28 ./Generated_Code/hardware_init.o
 .debug_aranges
                0x00000930       0x48 ./Generated_Code/osa1.o
 .debug_aranges
                0x00000978       0x68 ./Generated_Code/pin_mux.o

.debug_ranges   0x00000000      0x868
 .debug_ranges  0x00000000       0x18 ./Static_Code/System/PE_low_level_init.o
 .debug_ranges  0x00000018       0x10 ./Sources/Application.o
 .debug_ranges  0x00000028       0xf8 ./Sources/ILI9325.o
 .debug_ranges  0x00000120       0x10 ./Sources/main.o
 .debug_ranges  0x00000130      0x208 ./SDK/platform/system/src/clock/MKL25Z4/fsl_clock_MKL25Z4.o
 .debug_ranges  0x00000338      0x118 ./SDK/platform/system/src/clock/fsl_clock_manager.o
 .debug_ranges  0x00000450      0x138 ./SDK/platform/osa/src/fsl_os_abstraction_bm.o
 .debug_ranges  0x00000588       0xc8 ./SDK/platform/hal/src/mcg/fsl_mcg_hal.o
 .debug_ranges  0x00000650       0x28 ./SDK/platform/hal/src/gpio/fsl_gpio_hal.o
 .debug_ranges  0x00000678       0xe0 ./SDK/platform/drivers/src/gpio/fsl_gpio_driver.o
 .debug_ranges  0x00000758       0x18 ./SDK/platform/devices/MKL25Z4/startup/system_MKL25Z4.o
 .debug_ranges  0x00000770       0x10 ./SDK/platform/devices/startup.o
 .debug_ranges  0x00000780       0x10 ./Generated_Code/Cpu.o
 .debug_ranges  0x00000790       0x30 ./Generated_Code/WAIT1.o
 .debug_ranges  0x000007c0       0x18 ./Generated_Code/hardware_init.o
 .debug_ranges  0x000007d8       0x38 ./Generated_Code/osa1.o
 .debug_ranges  0x00000810       0x58 ./Generated_Code/pin_mux.o

.debug_macro    0x00000000    0x14e7c
 .debug_macro   0x00000000      0x2e4 ./Static_Code/System/PE_low_level_init.o
 .debug_macro   0x000002e4      0x80e ./Static_Code/System/PE_low_level_init.o
 .debug_macro   0x00000af2       0x11 ./Static_Code/System/PE_low_level_init.o
 .debug_macro   0x00000b03       0x16 ./Static_Code/System/PE_low_level_init.o
 .debug_macro   0x00000b19       0x16 ./Static_Code/System/PE_low_level_init.o
 .debug_macro   0x00000b2f       0x44 ./Static_Code/System/PE_low_level_init.o
 .debug_macro   0x00000b73      0x209 ./Static_Code/System/PE_low_level_init.o
 .debug_macro   0x00000d7c       0x3a ./Static_Code/System/PE_low_level_init.o
 .debug_macro   0x00000db6       0x3a ./Static_Code/System/PE_low_level_init.o
 .debug_macro   0x00000df0       0x1f ./Static_Code/System/PE_low_level_init.o
 .debug_macro   0x00000e0f      0x250 ./Static_Code/System/PE_low_level_init.o
 .debug_macro   0x0000105f       0xbf ./Static_Code/System/PE_low_level_init.o
 .debug_macro   0x0000111e     0x8439 ./Static_Code/System/PE_low_level_init.o
 .debug_macro   0x00009557       0x58 ./Static_Code/System/PE_low_level_init.o
 .debug_macro   0x000095af       0x35 ./Static_Code/System/PE_low_level_init.o
 .debug_macro   0x000095e4       0xa3 ./Static_Code/System/PE_low_level_init.o
 .debug_macro   0x00009687       0x16 ./Static_Code/System/PE_low_level_init.o
 .debug_macro   0x0000969d      0x10e ./Static_Code/System/PE_low_level_init.o
 .debug_macro   0x000097ab       0x7f ./Static_Code/System/PE_low_level_init.o
 .debug_macro   0x0000982a       0x52 ./Static_Code/System/PE_low_level_init.o
 .debug_macro   0x0000987c       0x16 ./Static_Code/System/PE_low_level_init.o
 .debug_macro   0x00009892       0x43 ./Static_Code/System/PE_low_level_init.o
 .debug_macro   0x000098d5      0x180 ./Static_Code/System/PE_low_level_init.o
 .debug_macro   0x00009a55       0x22 ./Static_Code/System/PE_low_level_init.o
 .debug_macro   0x00009a77       0x7c ./Static_Code/System/PE_low_level_init.o
 .debug_macro   0x00009af3     0x764c ./Static_Code/System/PE_low_level_init.o
 .debug_macro   0x0001113f     0x10b2 ./Static_Code/System/PE_low_level_init.o
 .debug_macro   0x000121f1       0x22 ./Static_Code/System/PE_low_level_init.o
 .debug_macro   0x00012213       0x16 ./Static_Code/System/PE_low_level_init.o
 .debug_macro   0x00012229       0x10 ./Static_Code/System/PE_low_level_init.o
 .debug_macro   0x00012239       0x11 ./Static_Code/System/PE_low_level_init.o
 .debug_macro   0x0001224a       0x10 ./Static_Code/System/PE_low_level_init.o
 .debug_macro   0x0001225a       0x10 ./Static_Code/System/PE_low_level_init.o
 .debug_macro   0x0001226a       0x10 ./Static_Code/System/PE_low_level_init.o
 .debug_macro   0x0001227a       0x3e ./Static_Code/System/PE_low_level_init.o
 .debug_macro   0x000122b8       0x12 ./Static_Code/System/PE_low_level_init.o
 .debug_macro   0x000122ca       0x10 ./Static_Code/System/PE_low_level_init.o
 .debug_macro   0x000122da       0x28 ./Static_Code/System/PE_low_level_init.o
 .debug_macro   0x00012302       0x22 ./Static_Code/System/PE_low_level_init.o
 .debug_macro   0x00012324       0x6d ./Static_Code/System/PE_low_level_init.o
 .debug_macro   0x00012391      0x2ab ./Sources/Application.o
 .debug_macro   0x0001263c       0x70 ./Sources/Application.o
 .debug_macro   0x000126ac      0x40f ./Sources/ILI9325.o
 .debug_macro   0x00012abb      0x2ca ./Sources/main.o
 .debug_macro   0x00012d85      0x1f8 ./SDK/platform/system/src/clock/MKL25Z4/fsl_clock_MKL25Z4.o
 .debug_macro   0x00012f7d       0x82 ./SDK/platform/system/src/clock/MKL25Z4/fsl_clock_MKL25Z4.o
 .debug_macro   0x00012fff      0x22e ./SDK/platform/system/src/clock/fsl_clock_manager.o
 .debug_macro   0x0001322d      0x212 ./SDK/platform/osa/src/fsl_os_abstraction_bm.o
 .debug_macro   0x0001343f      0x174 ./SDK/platform/hal/src/mcg/fsl_mcg_hal.o
 .debug_macro   0x000135b3      0x16e ./SDK/platform/hal/src/gpio/fsl_gpio_hal.o
 .debug_macro   0x00013721      0x15d ./SDK/platform/drivers/src/gpio/fsl_gpio_common.o
 .debug_macro   0x0001387e      0x225 ./SDK/platform/drivers/src/gpio/fsl_gpio_driver.o
 .debug_macro   0x00013aa3       0x22 ./SDK/platform/drivers/src/gpio/fsl_gpio_driver.o
 .debug_macro   0x00013ac5      0x158 ./SDK/platform/devices/MKL25Z4/startup/system_MKL25Z4.o
 .debug_macro   0x00013c1d      0x167 ./SDK/platform/devices/startup.o
 .debug_macro   0x00013d84      0x2d8 ./Generated_Code/Cpu.o
 .debug_macro   0x0001405c       0x67 ./Generated_Code/Cpu.o
 .debug_macro   0x000140c3      0x299 ./Generated_Code/LCD.o
 .debug_macro   0x0001435c      0x299 ./Generated_Code/LED.o
 .debug_macro   0x000145f5      0x29f ./Generated_Code/WAIT1.o
 .debug_macro   0x00014894      0x1b1 ./Generated_Code/hardware_init.o
 .debug_macro   0x00014a45      0x292 ./Generated_Code/osa1.o
 .debug_macro   0x00014cd7      0x1a5 ./Generated_Code/pin_mux.o

.debug_line     0x00000000     0x9084
 .debug_line    0x00000000      0x798 ./Static_Code/System/PE_low_level_init.o
 .debug_line    0x00000798      0x732 ./Sources/Application.o
 .debug_line    0x00000eca      0xb4f ./Sources/ILI9325.o
 .debug_line    0x00001a19      0x721 ./Sources/main.o
 .debug_line    0x0000213a      0xc43 ./SDK/platform/system/src/clock/MKL25Z4/fsl_clock_MKL25Z4.o
 .debug_line    0x00002d7d      0xa04 ./SDK/platform/system/src/clock/fsl_clock_manager.o
 .debug_line    0x00003781      0xa43 ./SDK/platform/osa/src/fsl_os_abstraction_bm.o
 .debug_line    0x000041c4      0x713 ./SDK/platform/hal/src/mcg/fsl_mcg_hal.o
 .debug_line    0x000048d7      0x492 ./SDK/platform/hal/src/gpio/fsl_gpio_hal.o
 .debug_line    0x00004d69      0x3d4 ./SDK/platform/drivers/src/gpio/fsl_gpio_common.o
 .debug_line    0x0000513d      0x8ea ./SDK/platform/drivers/src/gpio/fsl_gpio_driver.o
 .debug_line    0x00005a27       0x77 ./SDK/platform/devices/MKL25Z4/startup/gcc/startup_MKL25Z4.o
 .debug_line    0x00005a9e      0x477 ./SDK/platform/devices/MKL25Z4/startup/system_MKL25Z4.o
 .debug_line    0x00005f15      0x3b3 ./SDK/platform/devices/startup.o
 .debug_line    0x000062c8      0x771 ./Generated_Code/Cpu.o
 .debug_line    0x00006a39      0x6ac ./Generated_Code/LCD.o
 .debug_line    0x000070e5      0x6ac ./Generated_Code/LED.o
 .debug_line    0x00007791      0x72d ./Generated_Code/WAIT1.o
 .debug_line    0x00007ebe      0x4e3 ./Generated_Code/hardware_init.o
 .debug_line    0x000083a1      0x735 ./Generated_Code/osa1.o
 .debug_line    0x00008ad6      0x5ae ./Generated_Code/pin_mux.o

.debug_str      0x00000000    0xa016a
 .debug_str     0x00000000    0x9bee6 ./Static_Code/System/PE_low_level_init.o
                              0x9c3cc (size before relaxing)
 .debug_str     0x0009bee6      0x282 ./Sources/Application.o
                              0x9c5d5 (size before relaxing)
 .debug_str     0x0009c168      0x78a ./Sources/ILI9325.o
                              0x9cd34 (size before relaxing)
 .debug_str     0x0009c8f2       0x17 ./Sources/main.o
                              0x9c37d (size before relaxing)
 .debug_str     0x0009c909     0x12df ./SDK/platform/system/src/clock/MKL25Z4/fsl_clock_MKL25Z4.o
                              0x9d01d (size before relaxing)
 .debug_str     0x0009dbe8      0xc85 ./SDK/platform/system/src/clock/fsl_clock_manager.o
                              0x9d1e3 (size before relaxing)
 .debug_str     0x0009e86d      0x76d ./SDK/platform/osa/src/fsl_os_abstraction_bm.o
                              0x9c58b (size before relaxing)
 .debug_str     0x0009efda      0x5a7 ./SDK/platform/hal/src/mcg/fsl_mcg_hal.o
                              0x9c2e8 (size before relaxing)
 .debug_str     0x0009f581       0xd7 ./SDK/platform/hal/src/gpio/fsl_gpio_hal.o
                              0x9bad5 (size before relaxing)
 .debug_str     0x0009f658       0x7c ./SDK/platform/drivers/src/gpio/fsl_gpio_common.o
                              0x9bb5c (size before relaxing)
 .debug_str     0x0009f6d4      0x63e ./SDK/platform/drivers/src/gpio/fsl_gpio_driver.o
                              0x9c509 (size before relaxing)
 .debug_str     0x0009fd12       0xda ./SDK/platform/devices/MKL25Z4/startup/system_MKL25Z4.o
                              0x9bca5 (size before relaxing)
 .debug_str     0x0009fdec      0x126 ./SDK/platform/devices/startup.o
                              0x9ba03 (size before relaxing)
 .debug_str     0x0009ff12       0x39 ./Generated_Code/Cpu.o
                              0x9c4b4 (size before relaxing)
 .debug_str     0x0009ff4b       0x18 ./Generated_Code/LCD.o
                              0x9c0d5 (size before relaxing)
 .debug_str     0x0009ff63       0x18 ./Generated_Code/LED.o
                              0x9c082 (size before relaxing)
 .debug_str     0x0009ff7b       0x84 ./Generated_Code/WAIT1.o
                              0x9c3d4 (size before relaxing)
 .debug_str     0x0009ffff       0x30 ./Generated_Code/hardware_init.o
                              0x9bd7b (size before relaxing)
 .debug_str     0x000a002f       0xdd ./Generated_Code/osa1.o
                              0x9c2d1 (size before relaxing)
 .debug_str     0x000a010c       0x5e ./Generated_Code/pin_mux.o
                              0x9bc1b (size before relaxing)

.comment        0x00000000       0x70
 .comment       0x00000000       0x70 ./Static_Code/System/PE_low_level_init.o
                                 0x71 (size before relaxing)
 .comment       0x00000000       0x71 ./Sources/Application.o
 .comment       0x00000000       0x71 ./Sources/ILI9325.o
 .comment       0x00000000       0x71 ./Sources/main.o
 .comment       0x00000000       0x71 ./SDK/platform/system/src/clock/MKL25Z4/fsl_clock_MKL25Z4.o
 .comment       0x00000000       0x71 ./SDK/platform/system/src/clock/fsl_clock_manager.o
 .comment       0x00000000       0x71 ./SDK/platform/osa/src/fsl_os_abstraction_bm.o
 .comment       0x00000000       0x71 ./SDK/platform/hal/src/mcg/fsl_mcg_hal.o
 .comment       0x00000000       0x71 ./SDK/platform/hal/src/gpio/fsl_gpio_hal.o
 .comment       0x00000000       0x71 ./SDK/platform/drivers/src/gpio/fsl_gpio_common.o
 .comment       0x00000000       0x71 ./SDK/platform/drivers/src/gpio/fsl_gpio_driver.o
 .comment       0x00000000       0x71 ./SDK/platform/devices/MKL25Z4/startup/system_MKL25Z4.o
 .comment       0x00000000       0x71 ./SDK/platform/devices/startup.o
 .comment       0x00000000       0x71 ./Generated_Code/Cpu.o
 .comment       0x00000000       0x71 ./Generated_Code/LCD.o
 .comment       0x00000000       0x71 ./Generated_Code/LED.o
 .comment       0x00000000       0x71 ./Generated_Code/WAIT1.o
 .comment       0x00000000       0x71 ./Generated_Code/hardware_init.o
 .comment       0x00000000       0x71 ./Generated_Code/osa1.o
 .comment       0x00000000       0x71 ./Generated_Code/pin_mux.o

.debug_frame    0x00000000     0x2aa0
 .debug_frame   0x00000000       0x48 ./Static_Code/System/PE_low_level_init.o
 .debug_frame   0x00000048       0x30 ./Sources/Application.o
 .debug_frame   0x00000078      0x3bc ./Sources/ILI9325.o
 .debug_frame   0x00000434       0x2c ./Sources/main.o
 .debug_frame   0x00000460      0x7fc ./SDK/platform/system/src/clock/MKL25Z4/fsl_clock_MKL25Z4.o
 .debug_frame   0x00000c5c      0x440 ./SDK/platform/system/src/clock/fsl_clock_manager.o
 .debug_frame   0x0000109c      0x4b8 ./SDK/platform/osa/src/fsl_os_abstraction_bm.o
 .debug_frame   0x00001554      0x310 ./SDK/platform/hal/src/mcg/fsl_mcg_hal.o
 .debug_frame   0x00001864       0x90 ./SDK/platform/hal/src/gpio/fsl_gpio_hal.o
 .debug_frame   0x000018f4      0x370 ./SDK/platform/drivers/src/gpio/fsl_gpio_driver.o
 .debug_frame   0x00001c64       0x4c ./SDK/platform/devices/MKL25Z4/startup/system_MKL25Z4.o
 .debug_frame   0x00001cb0       0x30 ./SDK/platform/devices/startup.o
 .debug_frame   0x00001ce0       0x2c ./Generated_Code/Cpu.o
 .debug_frame   0x00001d0c       0x90 ./Generated_Code/WAIT1.o
 .debug_frame   0x00001d9c       0x4c ./Generated_Code/hardware_init.o
 .debug_frame   0x00001de8       0xd0 ./Generated_Code/osa1.o
 .debug_frame   0x00001eb8      0x150 ./Generated_Code/pin_mux.o
 .debug_frame   0x00002008       0x20 c:/freescale/kds_3.0.0/toolchain/bin/../lib/gcc/arm-none-eabi/4.8.4/armv6-m\libgcc.a(_udivsi3.o)
 .debug_frame   0x00002028       0x30 c:/freescale/kds_3.0.0/toolchain/bin/../lib/gcc/arm-none-eabi/4.8.4/armv6-m\libgcc.a(_muldi3.o)
 .debug_frame   0x00002058       0x50 c:/freescale/kds_3.0.0/toolchain/bin/../lib/gcc/arm-none-eabi/4.8.4/armv6-m\libgcc.a(bpabi.o)
 .debug_frame   0x000020a8       0x3c c:/freescale/kds_3.0.0/toolchain/bin/../lib/gcc/arm-none-eabi/4.8.4/armv6-m\libgcc.a(_divdi3.o)
 .debug_frame   0x000020e4       0x3c c:/freescale/kds_3.0.0/toolchain/bin/../lib/gcc/arm-none-eabi/4.8.4/armv6-m\libgcc.a(_udivdi3.o)
 .debug_frame   0x00002120       0x4c c:/freescale/kds_3.0.0/toolchain/bin/../lib/gcc/arm-none-eabi/4.8.4/../../../../arm-none-eabi/lib/armv6-m\libg_s.a(lib_a-assert.o)
 .debug_frame   0x0000216c       0x28 c:/freescale/kds_3.0.0/toolchain/bin/../lib/gcc/arm-none-eabi/4.8.4/../../../../arm-none-eabi/lib/armv6-m\libg_s.a(lib_a-exit.o)
 .debug_frame   0x00002194       0x4c c:/freescale/kds_3.0.0/toolchain/bin/../lib/gcc/arm-none-eabi/4.8.4/../../../../arm-none-eabi/lib/armv6-m\libg_s.a(lib_a-fprintf.o)
 .debug_frame   0x000021e0       0x2c c:/freescale/kds_3.0.0/toolchain/bin/../lib/gcc/arm-none-eabi/4.8.4/../../../../arm-none-eabi/lib/armv6-m\libg_s.a(lib_a-init.o)
 .debug_frame   0x0000220c       0x20 c:/freescale/kds_3.0.0/toolchain/bin/../lib/gcc/arm-none-eabi/4.8.4/../../../../arm-none-eabi/lib/armv6-m\libg_s.a(lib_a-memset.o)
 .debug_frame   0x0000222c       0x2c c:/freescale/kds_3.0.0/toolchain/bin/../lib/gcc/arm-none-eabi/4.8.4/../../../../arm-none-eabi/lib/armv6-m\libg_s.a(lib_a-nano-freer.o)
 .debug_frame   0x00002258       0x2c c:/freescale/kds_3.0.0/toolchain/bin/../lib/gcc/arm-none-eabi/4.8.4/../../../../arm-none-eabi/lib/armv6-m\libg_s.a(lib_a-nano-mallocr.o)
 .debug_frame   0x00002284       0x2c c:/freescale/kds_3.0.0/toolchain/bin/../lib/gcc/arm-none-eabi/4.8.4/../../../../arm-none-eabi/lib/armv6-m\libg_s.a(lib_a-sbrkr.o)
 .debug_frame   0x000022b0       0x20 c:/freescale/kds_3.0.0/toolchain/bin/../lib/gcc/arm-none-eabi/4.8.4/../../../../arm-none-eabi/lib/armv6-m\libg_s.a(lib_a-strlen.o)
 .debug_frame   0x000022d0       0xa0 c:/freescale/kds_3.0.0/toolchain/bin/../lib/gcc/arm-none-eabi/4.8.4/../../../../arm-none-eabi/lib/armv6-m\libg_s.a(lib_a-vfprintf.o)
 .debug_frame   0x00002370       0x54 c:/freescale/kds_3.0.0/toolchain/bin/../lib/gcc/arm-none-eabi/4.8.4/../../../../arm-none-eabi/lib/armv6-m\libg_s.a(lib_a-vfprintf_i.o)
 .debug_frame   0x000023c4       0x44 c:/freescale/kds_3.0.0/toolchain/bin/../lib/gcc/arm-none-eabi/4.8.4/../../../../arm-none-eabi/lib/armv6-m\libg_s.a(lib_a-wbuf.o)
 .debug_frame   0x00002408       0x2c c:/freescale/kds_3.0.0/toolchain/bin/../lib/gcc/arm-none-eabi/4.8.4/../../../../arm-none-eabi/lib/armv6-m\libg_s.a(lib_a-wsetup.o)
 .debug_frame   0x00002434       0x28 c:/freescale/kds_3.0.0/toolchain/bin/../lib/gcc/arm-none-eabi/4.8.4/../../../../arm-none-eabi/lib/armv6-m\libg_s.a(lib_a-abort.o)
 .debug_frame   0x0000245c       0x68 c:/freescale/kds_3.0.0/toolchain/bin/../lib/gcc/arm-none-eabi/4.8.4/../../../../arm-none-eabi/lib/armv6-m\libg_s.a(lib_a-fflush.o)
 .debug_frame   0x000024c4      0x148 c:/freescale/kds_3.0.0/toolchain/bin/../lib/gcc/arm-none-eabi/4.8.4/../../../../arm-none-eabi/lib/armv6-m\libg_s.a(lib_a-findfp.o)
 .debug_frame   0x0000260c       0x30 c:/freescale/kds_3.0.0/toolchain/bin/../lib/gcc/arm-none-eabi/4.8.4/../../../../arm-none-eabi/lib/armv6-m\libg_s.a(lib_a-makebuf.o)
 .debug_frame   0x0000263c       0x20 c:/freescale/kds_3.0.0/toolchain/bin/../lib/gcc/arm-none-eabi/4.8.4/../../../../arm-none-eabi/lib/armv6-m\libg_s.a(lib_a-memchr-stub.o)
 .debug_frame   0x0000265c       0x48 c:/freescale/kds_3.0.0/toolchain/bin/../lib/gcc/arm-none-eabi/4.8.4/../../../../arm-none-eabi/lib/armv6-m\libg_s.a(lib_a-reent.o)
 .debug_frame   0x000026a4       0xe0 c:/freescale/kds_3.0.0/toolchain/bin/../lib/gcc/arm-none-eabi/4.8.4/../../../../arm-none-eabi/lib/armv6-m\libg_s.a(lib_a-signal.o)
 .debug_frame   0x00002784       0x44 c:/freescale/kds_3.0.0/toolchain/bin/../lib/gcc/arm-none-eabi/4.8.4/../../../../arm-none-eabi/lib/armv6-m\libg_s.a(lib_a-signalr.o)
 .debug_frame   0x000027c8       0x90 c:/freescale/kds_3.0.0/toolchain/bin/../lib/gcc/arm-none-eabi/4.8.4/../../../../arm-none-eabi/lib/armv6-m\libg_s.a(lib_a-stdio.o)
 .debug_frame   0x00002858       0x2c c:/freescale/kds_3.0.0/toolchain/bin/../lib/gcc/arm-none-eabi/4.8.4/../../../../arm-none-eabi/lib/armv6-m\libg_s.a(lib_a-writer.o)
 .debug_frame   0x00002884       0x2c c:/freescale/kds_3.0.0/toolchain/bin/../lib/gcc/arm-none-eabi/4.8.4/../../../../arm-none-eabi/lib/armv6-m\libg_s.a(lib_a-closer.o)
 .debug_frame   0x000028b0       0x2c c:/freescale/kds_3.0.0/toolchain/bin/../lib/gcc/arm-none-eabi/4.8.4/../../../../arm-none-eabi/lib/armv6-m\libg_s.a(lib_a-fstatr.o)
 .debug_frame   0x000028dc       0x2c c:/freescale/kds_3.0.0/toolchain/bin/../lib/gcc/arm-none-eabi/4.8.4/../../../../arm-none-eabi/lib/armv6-m\libg_s.a(lib_a-isattyr.o)
 .debug_frame   0x00002908       0x2c c:/freescale/kds_3.0.0/toolchain/bin/../lib/gcc/arm-none-eabi/4.8.4/../../../../arm-none-eabi/lib/armv6-m\libg_s.a(lib_a-lseekr.o)
 .debug_frame   0x00002934       0x2c c:/freescale/kds_3.0.0/toolchain/bin/../lib/gcc/arm-none-eabi/4.8.4/../../../../arm-none-eabi/lib/armv6-m\libg_s.a(lib_a-readr.o)
 .debug_frame   0x00002960       0x20 c:/freescale/kds_3.0.0/toolchain/bin/../lib/gcc/arm-none-eabi/4.8.4/../../../../arm-none-eabi/lib/armv6-m\libnosys.a(close.o)
 .debug_frame   0x00002980       0x20 c:/freescale/kds_3.0.0/toolchain/bin/../lib/gcc/arm-none-eabi/4.8.4/../../../../arm-none-eabi/lib/armv6-m\libnosys.a(fstat.o)
 .debug_frame   0x000029a0       0x20 c:/freescale/kds_3.0.0/toolchain/bin/../lib/gcc/arm-none-eabi/4.8.4/../../../../arm-none-eabi/lib/armv6-m\libnosys.a(getpid.o)
 .debug_frame   0x000029c0       0x20 c:/freescale/kds_3.0.0/toolchain/bin/../lib/gcc/arm-none-eabi/4.8.4/../../../../arm-none-eabi/lib/armv6-m\libnosys.a(isatty.o)
 .debug_frame   0x000029e0       0x20 c:/freescale/kds_3.0.0/toolchain/bin/../lib/gcc/arm-none-eabi/4.8.4/../../../../arm-none-eabi/lib/armv6-m\libnosys.a(kill.o)
 .debug_frame   0x00002a00       0x20 c:/freescale/kds_3.0.0/toolchain/bin/../lib/gcc/arm-none-eabi/4.8.4/../../../../arm-none-eabi/lib/armv6-m\libnosys.a(lseek.o)
 .debug_frame   0x00002a20       0x20 c:/freescale/kds_3.0.0/toolchain/bin/../lib/gcc/arm-none-eabi/4.8.4/../../../../arm-none-eabi/lib/armv6-m\libnosys.a(read.o)
 .debug_frame   0x00002a40       0x20 c:/freescale/kds_3.0.0/toolchain/bin/../lib/gcc/arm-none-eabi/4.8.4/../../../../arm-none-eabi/lib/armv6-m\libnosys.a(sbrk.o)
 .debug_frame   0x00002a60       0x20 c:/freescale/kds_3.0.0/toolchain/bin/../lib/gcc/arm-none-eabi/4.8.4/../../../../arm-none-eabi/lib/armv6-m\libnosys.a(write.o)
 .debug_frame   0x00002a80       0x20 c:/freescale/kds_3.0.0/toolchain/bin/../lib/gcc/arm-none-eabi/4.8.4/../../../../arm-none-eabi/lib/armv6-m\libnosys.a(_exit.o)

.stab           0x00000000       0xcc
 .stab          0x00000000       0x24 c:/freescale/kds_3.0.0/toolchain/bin/../lib/gcc/arm-none-eabi/4.8.4/../../../../arm-none-eabi/lib/armv6-m\libnosys.a(close.o)
 .stab          0x00000024       0x18 c:/freescale/kds_3.0.0/toolchain/bin/../lib/gcc/arm-none-eabi/4.8.4/../../../../arm-none-eabi/lib/armv6-m\libnosys.a(fstat.o)
                                 0x24 (size before relaxing)
 .stab          0x0000003c       0x18 c:/freescale/kds_3.0.0/toolchain/bin/../lib/gcc/arm-none-eabi/4.8.4/../../../../arm-none-eabi/lib/armv6-m\libnosys.a(getpid.o)
                                 0x24 (size before relaxing)
 .stab          0x00000054       0x18 c:/freescale/kds_3.0.0/toolchain/bin/../lib/gcc/arm-none-eabi/4.8.4/../../../../arm-none-eabi/lib/armv6-m\libnosys.a(isatty.o)
                                 0x24 (size before relaxing)
 .stab          0x0000006c       0x18 c:/freescale/kds_3.0.0/toolchain/bin/../lib/gcc/arm-none-eabi/4.8.4/../../../../arm-none-eabi/lib/armv6-m\libnosys.a(kill.o)
                                 0x24 (size before relaxing)
 .stab          0x00000084       0x18 c:/freescale/kds_3.0.0/toolchain/bin/../lib/gcc/arm-none-eabi/4.8.4/../../../../arm-none-eabi/lib/armv6-m\libnosys.a(lseek.o)
                                 0x24 (size before relaxing)
 .stab          0x0000009c       0x18 c:/freescale/kds_3.0.0/toolchain/bin/../lib/gcc/arm-none-eabi/4.8.4/../../../../arm-none-eabi/lib/armv6-m\libnosys.a(read.o)
                                 0x24 (size before relaxing)
 .stab          0x000000b4       0x18 c:/freescale/kds_3.0.0/toolchain/bin/../lib/gcc/arm-none-eabi/4.8.4/../../../../arm-none-eabi/lib/armv6-m\libnosys.a(write.o)
                                 0x24 (size before relaxing)

.stabstr        0x00000000      0x1b9
 .stabstr       0x00000000      0x1b9 c:/freescale/kds_3.0.0/toolchain/bin/../lib/gcc/arm-none-eabi/4.8.4/../../../../arm-none-eabi/lib/armv6-m\libnosys.a(close.o)
